BL51 BANKED LINKER/LOCATER V6.22.2.0                                                    08/24/2018  14:28:46  PAGE 1


BL51 BANKED LINKER/LOCATER V6.22.2.0, INVOKED BY:
D:\KEIL4\C51\BIN\BL51.EXE .\Objects\STARTUP.obj, .\Objects\bsp_pwm.obj, .\Objects\bsp_uart.obj, .\Objects\bsp_timer.obj,
>>  .\Objects\TimeOut.obj, .\Objects\bsp_i2c_s.obj, .\Objects\bsp_i2c_port.obj, .\Objects\main.obj, .\Objects\app.obj, .
>> \Objects\S_TouchKeyCFG.obj, ..\lib\SC93F8XXX_HighSensitive_Lib_T1_V0.0.2.LIB TO .\Objects\soc_pro PRINT (.\Listings\s
>> oc_pro.m51) RAMSIZE (256)


MEMORY MODEL: SMALL


INPUT MODULES INCLUDED:
  .\Objects\STARTUP.obj (?C_STARTUP)
  .\Objects\bsp_pwm.obj (BSP_PWM)
  .\Objects\bsp_uart.obj (BSP_UART)
  .\Objects\bsp_timer.obj (BSP_TIMER)
  .\Objects\TimeOut.obj (TIMEOUT)
  .\Objects\bsp_i2c_s.obj (BSP_I2C_S)
  .\Objects\bsp_i2c_port.obj (BSP_I2C_PORT)
  .\Objects\main.obj (MAIN)
  .\Objects\app.obj (APP)
  .\Objects\S_TouchKeyCFG.obj (S_TOUCHKEYCFG)
  ..\lib\SC93F8XXX_HighSensitive_Lib_T1_V0.0.2.LIB (SENSORMETHOD)
  D:\KEIL4\C51\LIB\C51S.LIB (?C_INIT)
  D:\KEIL4\C51\LIB\C51S.LIB (?C?COPY)
  D:\KEIL4\C51\LIB\C51S.LIB (?C?CLDPTR)
  D:\KEIL4\C51\LIB\C51S.LIB (?C?CSTPTR)
  D:\KEIL4\C51\LIB\C51S.LIB (?C?IMUL)
  D:\KEIL4\C51\LIB\C51S.LIB (?C?UIDIV)
  D:\KEIL4\C51\LIB\C51S.LIB (?C?IILDX)
  D:\KEIL4\C51\LIB\C51S.LIB (?C?ILDIX)
  D:\KEIL4\C51\LIB\C51S.LIB (?C?ILDPTR)
  D:\KEIL4\C51\LIB\C51S.LIB (?C?LNOT)
  D:\KEIL4\C51\LIB\C51S.LIB (?C?ULCMP)
  D:\KEIL4\C51\LIB\C51S.LIB (?C?ULSHR)
  D:\KEIL4\C51\LIB\C51S.LIB (?C?LSHL)
  D:\KEIL4\C51\LIB\C51S.LIB (?C?LLDOPTR)
  D:\KEIL4\C51\LIB\C51S.LIB (?C?LSTPTR)
  D:\KEIL4\C51\LIB\C51S.LIB (?C?LSTOPTR)
  D:\KEIL4\C51\LIB\C51S.LIB (?C?LLDPTR0)
  D:\KEIL4\C51\LIB\C51S.LIB (?C?OFFXADD)
  D:\KEIL4\C51\LIB\C51S.LIB (?C?MEMSET)
  D:\KEIL4\C51\LIB\C51S.LIB (?C?LLDIDATA)
  D:\KEIL4\C51\LIB\C51S.LIB (?C?LLDXDATA)
  D:\KEIL4\C51\LIB\C51S.LIB (?C?LLDPDATA)
  D:\KEIL4\C51\LIB\C51S.LIB (?C?LLDCODE)
  D:\KEIL4\C51\LIB\C51S.LIB (?C?LLDIDATA0)
  D:\KEIL4\C51\LIB\C51S.LIB (?C?LLDXDATA0)
  D:\KEIL4\C51\LIB\C51S.LIB (?C?LLDPDATA0)
  D:\KEIL4\C51\LIB\C51S.LIB (?C?LLDCODE0)
  D:\KEIL4\C51\LIB\C51S.LIB (?C?LSTIDATA)
  D:\KEIL4\C51\LIB\C51S.LIB (?C?LSTXDATA)
  D:\KEIL4\C51\LIB\C51S.LIB (?C?LSTPDATA)


LINK MAP OF MODULE:  .\Objects\soc_pro (?C_STARTUP)


            TYPE    BASE      LENGTH    RELOCATION   SEGMENT NAME
BL51 BANKED LINKER/LOCATER V6.22.2.0                                                  08/24/2018  14:28:46  PAGE 2


            -----------------------------------------------------

            * * * * * * *   D A T A   M E M O R Y   * * * * * * *
            REG     0000H     0008H     ABSOLUTE     "REG BANK 0"
            DATA    0008H     0016H     UNIT         _DATA_GROUP_
            DATA    001EH     0002H     UNIT         ?DT?APP
            BIT     0020H.0   0000H.2   UNIT         ?BI?SENSORMETHOD
            BIT     0020H.2   0000H.1   UNIT         _BIT_GROUP_
                    0020H.3   0000H.5                *** GAP ***
            DATA    0021H     000CH     UNIT         ?DT?BSP_UART
            DATA    002DH     0009H     UNIT         ?DT?SENSORMETHOD
            DATA    0036H     0006H     UNIT         ?DT?BSP_PWM
            DATA    003CH     0004H     UNIT         ?DT?TIMEOUT
            IDATA   0040H     0001H     UNIT         ?STACK

            * * * * * * *  X D A T A   M E M O R Y  * * * * * * *
            XDATA   0000H     005CH     UNIT         ?XD?S_TOUCHKEYCFG
            XDATA   005CH     003AH     UNIT         ?XD?APP
            XDATA   0096H     0009H     UNIT         ?XD?SENSORMETHOD

            * * * * * * *   C O D E   M E M O R Y   * * * * * * *
            CODE    0000H     0003H     ABSOLUTE     
            CODE    0003H     0008H     UNIT         ?PR?MAIN?MAIN
            CODE    000BH     0003H     ABSOLUTE     
            CODE    000EH     002DH     UNIT         ?PR?_GETCFGMSG?S_TOUCHKEYCFG
            CODE    003BH     0003H     ABSOLUTE     
            CODE    003EH     0003H     UNIT         ?PR?APP_KEY0HANDLE?APP
                    0041H     0002H                  *** GAP ***
            CODE    0043H     0003H     ABSOLUTE     
            CODE    0046H     0015H     UNIT         ?PR?_GETTKYZTHRESHOLD?S_TOUCHKEYCFG
            CODE    005BH     0003H     ABSOLUTE     
            CODE    005EH     039DH     UNIT         ?PR?_SENSORRENOVATE?SENSORMETHOD
            CODE    03FBH     0377H     UNIT         ?C?LIB_CODE
            CODE    0772H     034AH     UNIT         ?PR?APP_HANDLE?APP
            CODE    0ABCH     01BAH     UNIT         ?PR?APP_LOCKKEYHANDLE?APP
            CODE    0C76H     0138H     UNIT         ?PR?BSP_TIMER0IQRHANDLE?APP
            CODE    0DAEH     0130H     UNIT         ?PR?TOUCHKEYSCAN?S_TOUCHKEYCFG
            CODE    0EDEH     011FH     UNIT         ?PR?_MULTIPLEDEAL?SENSORMETHOD
            CODE    0FFDH     0118H     UNIT         ?PR?SENSORMETHOD
            CODE    1115H     0110H     UNIT         ?PR?KEY_SCAN?APP
            CODE    1225H     010AH     UNIT         ?PR?_IIC_WRITEDATA?BSP_I2C_S
            CODE    132FH     00BBH     UNIT         ?PR?_FILTERDATADEAL?SENSORMETHOD
            CODE    13EAH     00A0H     UNIT         ?PR?_IIC_READDATA?BSP_I2C_S
            CODE    148AH     00A0H     UNIT         ?PR?APP_INIT?APP
            CODE    152AH     009AH     UNIT         ?C_C51STARTUP
            CODE    15C4H     0092H     UNIT         ?PR?CTK_ISR?SENSORMETHOD
            CODE    1656H     0075H     UNIT         ?PR?_BSP_UARTSENDBUF?BSP_UART
            CODE    16CBH     0071H     UNIT         ?PR?TOUCHKEYINIT?SENSORMETHOD
            CODE    173CH     006EH     UNIT         ?PR?_IIC_NCK?BSP_I2C_S
            CODE    17AAH     0069H     UNIT         ?PR?APP_HEATCOOLHANDLE?APP
            CODE    1813H     0068H     UNIT         ?PR?_IIC_START?BSP_I2C_S
            CODE    187BH     005EH     UNIT         ?PR?APP_LIGHTKEYHANDLE?APP
            CODE    18D9H     005DH     UNIT         ?PR?BSP_PWMHANDLE?BSP_PWM
            CODE    1936H     005BH     UNIT         ?PR?_IIC_STOP?BSP_I2C_S
            CODE    1991H     005AH     UNIT         ?PR?APP_MASSKEYHANDLE?APP
            CODE    19EBH     0058H     UNIT         ?PR?APP_WARMKEYHANDLE?APP
            CODE    1A43H     0053H     UNIT         ?PR?CURRENTSENSORCHOOSE?S_TOUCHKEYCFG
BL51 BANKED LINKER/LOCATER V6.22.2.0                                                  08/24/2018  14:28:46  PAGE 3


            CODE    1A96H     0052H     UNIT         ?CO?S_TOUCHKEYCFG
            CODE    1AE8H     004CH     UNIT         ?PR?INITIALIZESENSORFLAG?SENSORMETHOD
            CODE    1B34H     004BH     UNIT         ?PR?_IIC_READ_DATA?BSP_I2C_S
            CODE    1B7FH     004AH     UNIT         ?PR?BSP_UART1IQRHANDLE?APP
            CODE    1BC9H     0043H     UNIT         ?PR?_IIC_WRITE_DATA?BSP_I2C_S
            CODE    1C0CH     0038H     UNIT         ?PR?APP_KEY1HANDLE?APP
            CODE    1C44H     0035H     UNIT         ?PR?_SYSTEM_SEND_MESSAGE?APP
            CODE    1C79H     0033H     UNIT         ?PR?FILTERAVERGEDEAL?SENSORMETHOD
            CODE    1CACH     0030H     UNIT         ?PR?_TIMEOUTDET_CHECK?TIMEOUT
            CODE    1CDCH     0030H     UNIT         ?PR?APP_KEY4HANDLE?APP
            CODE    1D0CH     002CH     UNIT         ?PR?_BSP_UARTINIT?BSP_UART
            CODE    1D38H     002CH     UNIT         ?PR?_GETCURRFINGERVALUE?S_TOUCHKEYCFG
            CODE    1D64H     0028H     UNIT         ?PR?_IIC_PORT_WRITE?BSP_I2C_PORT
            CODE    1D8CH     0025H     UNIT         ?PR?FILTERCOMMCODE?SENSORMETHOD
            CODE    1DB1H     0025H     UNIT         ?PR?SENSORKEYFLAG?SENSORMETHOD
            CODE    1DD6H     001FH     UNIT         ?PR?TOUCHKEYCFGINIT?S_TOUCHKEYCFG
            CODE    1DF5H     001EH     UNIT         ?PR?FILTERIIRINIT?SENSORMETHOD
            CODE    1E13H     001DH     UNIT         ?PR?_IIC_DELAY_US?BSP_I2C_S
            CODE    1E30H     001DH     UNIT         ?PR?APP_LEDINIT?APP
            CODE    1E4DH     001CH     UNIT         ?PR?_TIMEOUT_RECORD?TIMEOUT
            CODE    1E69H     001CH     UNIT         ?PR?_IIC_PORT_READ?BSP_I2C_PORT
            CODE    1E85H     001BH     UNIT         ?PR?INITIALIZEBASELINES?SENSORMETHOD
            CODE    1EA0H     001AH     UNIT         ?PR?TIMEOUTDET_DECHANDLE?TIMEOUT
            CODE    1EBAH     001AH     UNIT         ?PR?_IIC_PORT_SDA_SET?BSP_I2C_PORT
            CODE    1ED4H     0019H     UNIT         ?PR?BSP_PWNFULLON?BSP_PWM
            CODE    1EEDH     0018H     UNIT         ?PR?BSP_PWMOFF?BSP_PWM
            CODE    1F05H     0013H     UNIT         ?PR?BSP_PWMINIT?BSP_PWM
            CODE    1F18H     0013H     UNIT         ?PR?BSP_TIMER0INIT?BSP_TIMER
            CODE    1F2BH     0013H     UNIT         ?C_INITSEG
            CODE    1F3EH     0012H     UNIT         ?PR?_GETSCANTIMEVALUE?S_TOUCHKEYCFG
            CODE    1F50H     0012H     UNIT         ?PR?_GETBASELINEADJUSTVALUE?S_TOUCHKEYCFG
            CODE    1F62H     000FH     UNIT         ?PR?_IIC_PORT_INIT?BSP_I2C_PORT
            CODE    1F71H     000CH     UNIT         ?PR?_USDELAY?SENSORMETHOD
            CODE    1F7DH     000BH     UNIT         ?PR?SETONEKEYPUSHRESETTIME?S_TOUCHKEYCFG
            CODE    1F88H     000BH     UNIT         ?PR?GETBASELINEUPDATETHRESHOLD?S_TOUCHKEYCFG
            CODE    1F93H     000AH     UNIT         ?PR?TIMEOUTDET_INIT?TIMEOUT
            CODE    1F9DH     000AH     UNIT         ?PR?GETTKYZCNT?S_TOUCHKEYCFG
            CODE    1FA7H     0009H     UNIT         ?PR?TIMEOUT_BASEVALUE?TIMEOUT
            CODE    1FB0H     0009H     UNIT         ?PR?_IIC_INIT?BSP_I2C_S
            CODE    1FB9H     0008H     UNIT         ?PR?GETINITAUTOUPDATETIME?S_TOUCHKEYCFG
            CODE    1FC1H     0008H     UNIT         ?PR?ISDOUBLEKEYORSLIDEKEY?S_TOUCHKEYCFG
            CODE    1FC9H     0008H     UNIT         ?PR?GETUPCONFIRMCNT?S_TOUCHKEYCFG
            CODE    1FD1H     0007H     UNIT         ?PR?BSP_PWMON?BSP_PWM
            CODE    1FD8H     0003H     UNIT         ?PR?APP_KEY2HANDLE?APP
            CODE    1FDBH     0003H     UNIT         ?PR?APP_KEY3HANDLE?APP
            CODE    1FDEH     0003H     UNIT         ?PR?APP_KEY5HANDLE?APP
            CODE    1FE1H     0003H     UNIT         ?PR?GETCSFUNCTION?S_TOUCHKEYCFG
            CODE    1FE4H     0003H     UNIT         ?PR?TOUCHKEYRESTART?SENSORMETHOD
            CODE    1FE7H     0003H     UNIT         ?PR?GETISNEEDUPDATEBASELINE?SENSORMETHOD
            CODE    1FEAH     0003H     UNIT         ?PR?SETNEEDUPDATEBASELINE?SENSORMETHOD



OVERLAY MAP OF MODULE:   .\Objects\soc_pro (?C_STARTUP)


SEGMENT                                             BIT_GROUP          DATA_GROUP 
BL51 BANKED LINKER/LOCATER V6.22.2.0                                                  08/24/2018  14:28:46  PAGE 4


  +--> CALLED SEGMENT                            START    LENGTH     START    LENGTH
------------------------------------------------------------------------------------
?C_C51STARTUP                                    -----    -----      -----    -----
  +--> ?PR?MAIN?MAIN
  +--> ?C_INITSEG

?PR?MAIN?MAIN                                    -----    -----      -----    -----
  +--> ?PR?APP_INIT?APP
  +--> ?PR?APP_HANDLE?APP

?PR?APP_INIT?APP                                 -----    -----      0008H    0002H
  +--> ?PR?APP_LEDINIT?APP
  +--> ?PR?BSP_PWMINIT?BSP_PWM
  +--> ?PR?BSP_PWMOFF?BSP_PWM
  +--> ?PR?_BSP_UARTINIT?BSP_UART
  +--> ?PR?BSP_TIMER0INIT?BSP_TIMER
  +--> ?PR?TIMEOUTDET_INIT?TIMEOUT
  +--> ?PR?_IIC_INIT?BSP_I2C_S
  +--> ?PR?_IIC_WRITE_DATA?BSP_I2C_S
  +--> ?PR?TOUCHKEYINIT?SENSORMETHOD

?PR?_BSP_UARTINIT?BSP_UART                       -----    -----      000AH    0002H

?PR?_IIC_INIT?BSP_I2C_S                          -----    -----      -----    -----
  +--> ?PR?_IIC_PORT_INIT?BSP_I2C_PORT

?PR?_IIC_WRITE_DATA?BSP_I2C_S                    -----    -----      000AH    0005H
  +--> ?PR?_IIC_START?BSP_I2C_S
  +--> ?PR?_IIC_WRITEDATA?BSP_I2C_S
  +--> ?PR?_IIC_STOP?BSP_I2C_S
  +--> ?PR?_IIC_NCK?BSP_I2C_S

?PR?_IIC_START?BSP_I2C_S                         -----    -----      0011H    0003H
  +--> ?PR?_IIC_PORT_WRITE?BSP_I2C_PORT
  +--> ?PR?_IIC_DELAY_US?BSP_I2C_S

?PR?_IIC_WRITEDATA?BSP_I2C_S                     -----    -----      0011H    0006H
  +--> ?PR?_IIC_PORT_WRITE?BSP_I2C_PORT
  +--> ?PR?_IIC_DELAY_US?BSP_I2C_S
  +--> ?PR?_IIC_PORT_SDA_SET?BSP_I2C_PORT
  +--> ?PR?_IIC_PORT_READ?BSP_I2C_PORT

?PR?_IIC_STOP?BSP_I2C_S                          -----    -----      0011H    0003H
  +--> ?PR?_IIC_PORT_WRITE?BSP_I2C_PORT
  +--> ?PR?_IIC_DELAY_US?BSP_I2C_S

?PR?_IIC_NCK?BSP_I2C_S                           -----    -----      0011H    0003H
  +--> ?PR?_IIC_PORT_WRITE?BSP_I2C_PORT
  +--> ?PR?_IIC_DELAY_US?BSP_I2C_S

?PR?TOUCHKEYINIT?SENSORMETHOD                    -----    -----      -----    -----
  +--> ?PR?TOUCHKEYCFGINIT?S_TOUCHKEYCFG
  +--> ?PR?_GETCFGMSG?S_TOUCHKEYCFG
  +--> ?PR?_GETSCANTIMEVALUE?S_TOUCHKEYCFG
  +--> ?PR?SENSORMETHOD
  +--> ?PR?INITIALIZESENSORFLAG?SENSORMETHOD
  +--> ?PR?FILTERAVERGEDEAL?SENSORMETHOD
BL51 BANKED LINKER/LOCATER V6.22.2.0                                                  08/24/2018  14:28:46  PAGE 5


  +--> ?PR?INITIALIZEBASELINES?SENSORMETHOD

?PR?TOUCHKEYCFGINIT?S_TOUCHKEYCFG                -----    -----      -----    -----
  +--> ?CO?S_TOUCHKEYCFG
  +--> ?PR?CURRENTSENSORCHOOSE?S_TOUCHKEYCFG

?PR?CURRENTSENSORCHOOSE?S_TOUCHKEYCFG            -----    -----      000AH    0004H

?PR?_GETCFGMSG?S_TOUCHKEYCFG                     -----    -----      -----    -----
  +--> ?CO?S_TOUCHKEYCFG

?PR?_GETSCANTIMEVALUE?S_TOUCHKEYCFG              -----    -----      -----    -----
  +--> ?CO?S_TOUCHKEYCFG

?PR?INITIALIZESENSORFLAG?SENSORMETHOD            -----    -----      -----    -----
  +--> ?PR?SENSORMETHOD

?PR?FILTERAVERGEDEAL?SENSORMETHOD                -----    -----      000AH    0002H
  +--> ?PR?FILTERCOMMCODE?SENSORMETHOD
  +--> ?PR?FILTERIIRINIT?SENSORMETHOD
  +--> ?PR?GETINITAUTOUPDATETIME?S_TOUCHKEYCFG
  +--> ?PR?_FILTERDATADEAL?SENSORMETHOD

?PR?FILTERCOMMCODE?SENSORMETHOD                  -----    -----      -----    -----
  +--> ?PR?_USDELAY?SENSORMETHOD

?PR?FILTERIIRINIT?SENSORMETHOD                   -----    -----      -----    -----
  +--> ?PR?SENSORMETHOD

?PR?GETINITAUTOUPDATETIME?S_TOUCHKEYCFG          -----    -----      -----    -----
  +--> ?CO?S_TOUCHKEYCFG

?PR?_FILTERDATADEAL?SENSORMETHOD                 -----    -----      0015H    0003H
  +--> ?PR?SENSORMETHOD
  +--> ?PR?_GETCURRFINGERVALUE?S_TOUCHKEYCFG

?PR?_GETCURRFINGERVALUE?S_TOUCHKEYCFG            -----    -----      -----    -----
  +--> ?CO?S_TOUCHKEYCFG

?PR?INITIALIZEBASELINES?SENSORMETHOD             -----    -----      -----    -----
  +--> ?PR?SENSORMETHOD

?PR?APP_HANDLE?APP                               -----    -----      0008H    0002H
  +--> ?PR?KEY_SCAN?APP
  +--> ?PR?_IIC_READ_DATA?BSP_I2C_S
  +--> ?PR?_TIMEOUT_RECORD?TIMEOUT
  +--> ?PR?APP_KEY1HANDLE?APP
  +--> ?PR?APP_KEY5HANDLE?APP
  +--> ?PR?APP_KEY4HANDLE?APP
  +--> ?PR?APP_KEY3HANDLE?APP
  +--> ?PR?APP_KEY2HANDLE?APP
  +--> ?PR?_IIC_WRITE_DATA?BSP_I2C_S
  +--> ?PR?_TIMEOUTDET_CHECK?TIMEOUT
  +--> ?PR?APP_KEY0HANDLE?APP
  +--> ?PR?_SYSTEM_SEND_MESSAGE?APP
  +--> ?PR?BSP_PWMON?BSP_PWM
  +--> ?PR?BSP_PWMOFF?BSP_PWM
BL51 BANKED LINKER/LOCATER V6.22.2.0                                                  08/24/2018  14:28:46  PAGE 6



?PR?KEY_SCAN?APP                                 -----    -----      -----    -----
  +--> ?PR?TOUCHKEYSCAN?S_TOUCHKEYCFG
  +--> ?PR?_TIMEOUT_RECORD?TIMEOUT
  +--> ?PR?_TIMEOUTDET_CHECK?TIMEOUT
  +--> ?PR?APP_KEY0HANDLE?APP
  +--> ?PR?APP_KEY3HANDLE?APP
  +--> ?PR?APP_KEY2HANDLE?APP
  +--> ?PR?APP_KEY4HANDLE?APP
  +--> ?PR?APP_KEY1HANDLE?APP
  +--> ?PR?APP_KEY5HANDLE?APP
  +--> ?PR?_IIC_WRITE_DATA?BSP_I2C_S
  +--> ?PR?TOUCHKEYRESTART?SENSORMETHOD

?PR?TOUCHKEYSCAN?S_TOUCHKEYCFG                   -----    -----      000AH    0009H
  +--> ?PR?GETISNEEDUPDATEBASELINE?SENSORMETHOD
  +--> ?PR?SENSORKEYFLAG?SENSORMETHOD
  +--> ?PR?SETNEEDUPDATEBASELINE?SENSORMETHOD
  +--> ?PR?ISDOUBLEKEYORSLIDEKEY?S_TOUCHKEYCFG
  +--> ?PR?SETONEKEYPUSHRESETTIME?S_TOUCHKEYCFG
  +--> ?CO?S_TOUCHKEYCFG
  +--> ?PR?_MULTIPLEDEAL?SENSORMETHOD

?PR?SENSORKEYFLAG?SENSORMETHOD                   -----    -----      0013H    0001H
  +--> ?PR?_FILTERDATADEAL?SENSORMETHOD
  +--> ?PR?_SENSORRENOVATE?SENSORMETHOD

?PR?_SENSORRENOVATE?SENSORMETHOD                 -----    -----      0014H    0009H
  +--> ?PR?SENSORMETHOD
  +--> ?PR?_GETCURRFINGERVALUE?S_TOUCHKEYCFG
  +--> ?PR?GETCSFUNCTION?S_TOUCHKEYCFG
  +--> ?PR?ISDOUBLEKEYORSLIDEKEY?S_TOUCHKEYCFG
  +--> ?PR?GETTKYZCNT?S_TOUCHKEYCFG
  +--> ?PR?_GETTKYZTHRESHOLD?S_TOUCHKEYCFG
  +--> ?PR?GETBASELINEUPDATETHRESHOLD?S_TOUC...
  +--> ?PR?GETUPCONFIRMCNT?S_TOUCHKEYCFG

?PR?ISDOUBLEKEYORSLIDEKEY?S_TOUCHKEYCFG          -----    -----      -----    -----
  +--> ?CO?S_TOUCHKEYCFG

?PR?_GETTKYZTHRESHOLD?S_TOUCHKEYCFG              -----    -----      -----    -----
  +--> ?PR?_GETCURRFINGERVALUE?S_TOUCHKEYCFG

?PR?GETBASELINEUPDATETHRESHOLD?S_TOUC...         -----    -----      -----    -----
  +--> ?CO?S_TOUCHKEYCFG

?PR?SETONEKEYPUSHRESETTIME?S_TOUCHKEYCFG         -----    -----      -----    -----
  +--> ?CO?S_TOUCHKEYCFG

?PR?_MULTIPLEDEAL?SENSORMETHOD                   -----    -----      0013H    0002H
  +--> ?PR?SENSORMETHOD
  +--> ?PR?INITIALIZESENSORFLAG?SENSORMETHOD
  +--> ?PR?FILTERIIRINIT?SENSORMETHOD
  +--> ?PR?_FILTERDATADEAL?SENSORMETHOD
  +--> ?PR?INITIALIZEBASELINES?SENSORMETHOD

?PR?_TIMEOUT_RECORD?TIMEOUT                      -----    -----      000AH    0004H
BL51 BANKED LINKER/LOCATER V6.22.2.0                                                  08/24/2018  14:28:46  PAGE 7


  +--> ?PR?TIMEOUT_BASEVALUE?TIMEOUT

?PR?_TIMEOUTDET_CHECK?TIMEOUT                    -----    -----      000AH    0003H

?PR?APP_KEY0HANDLE?APP                           -----    -----      -----    -----
  +--> ?PR?APP_LOCKKEYHANDLE?APP

?PR?APP_LOCKKEYHANDLE?APP                        -----    -----      -----    -----
  +--> ?PR?_IIC_WRITE_DATA?BSP_I2C_S

?PR?APP_KEY3HANDLE?APP                           -----    -----      -----    -----
  +--> ?PR?APP_MASSKEYHANDLE?APP

?PR?APP_MASSKEYHANDLE?APP                        -----    -----      -----    -----
  +--> ?PR?_IIC_WRITE_DATA?BSP_I2C_S

?PR?APP_KEY2HANDLE?APP                           -----    -----      -----    -----
  +--> ?PR?APP_WARMKEYHANDLE?APP

?PR?APP_WARMKEYHANDLE?APP                        -----    -----      -----    -----
  +--> ?PR?_IIC_WRITE_DATA?BSP_I2C_S

?PR?APP_KEY4HANDLE?APP                           -----    -----      -----    -----
  +--> ?PR?APP_HEATCOOLHANDLE?APP

?PR?APP_HEATCOOLHANDLE?APP                       -----    -----      -----    -----
  +--> ?PR?BSP_PWMOFF?BSP_PWM
  +--> ?PR?BSP_PWNFULLON?BSP_PWM
  +--> ?PR?BSP_PWMON?BSP_PWM
  +--> ?PR?_IIC_WRITE_DATA?BSP_I2C_S

?PR?BSP_PWMON?BSP_PWM                            -----    -----      -----    -----
  +--> ?PR?BSP_PWMINIT?BSP_PWM

?PR?APP_KEY1HANDLE?APP                           -----    -----      -----    -----
  +--> ?PR?APP_HEATCOOLHANDLE?APP

?PR?APP_KEY5HANDLE?APP                           -----    -----      -----    -----
  +--> ?PR?APP_LIGHTKEYHANDLE?APP

?PR?APP_LIGHTKEYHANDLE?APP                       -----    -----      -----    -----
  +--> ?PR?BSP_PWMON?BSP_PWM
  +--> ?PR?BSP_PWMOFF?BSP_PWM
  +--> ?PR?_IIC_WRITE_DATA?BSP_I2C_S

?PR?_IIC_READ_DATA?BSP_I2C_S                     -----    -----      000AH    0007H
  +--> ?PR?_IIC_START?BSP_I2C_S
  +--> ?PR?_IIC_WRITEDATA?BSP_I2C_S
  +--> ?PR?_IIC_STOP?BSP_I2C_S
  +--> ?PR?_IIC_READDATA?BSP_I2C_S
  +--> ?PR?_IIC_NCK?BSP_I2C_S

?PR?_IIC_READDATA?BSP_I2C_S                      -----    -----      0011H    0005H
  +--> ?PR?_IIC_PORT_SDA_SET?BSP_I2C_PORT
  +--> ?PR?_IIC_DELAY_US?BSP_I2C_S
  +--> ?PR?_IIC_PORT_WRITE?BSP_I2C_PORT
  +--> ?PR?_IIC_PORT_READ?BSP_I2C_PORT
BL51 BANKED LINKER/LOCATER V6.22.2.0                                                  08/24/2018  14:28:46  PAGE 8



?PR?_SYSTEM_SEND_MESSAGE?APP                     -----    -----      000AH    0007H
  +--> ?PR?_BSP_UARTSENDBUF?BSP_UART

?PR?_BSP_UARTSENDBUF?BSP_UART                    -----    -----      0011H    0006H

*** NEW ROOT ***************************************************

?PR?BSP_UART1IQRHANDLE?APP                       -----    -----      001DH    0001H

*** NEW ROOT ***************************************************

?PR?BSP_TIMER0IQRHANDLE?APP                      -----    -----      -----    -----
  +--> ?PR?TIMEOUTDET_DECHANDLE?TIMEOUT

*** NEW ROOT ***************************************************

?PR?CTK_ISR?SENSORMETHOD                         0020H.2  0000H.1    -----    -----
  +--> ?PR?SENSORMETHOD
  +--> ?PR?_GETSCANTIMEVALUE?S_TOUCHKEYCFG
  +--> ?PR?_GETBASELINEADJUSTVALUE?S_TOUCHKE...

?PR?_GETBASELINEADJUSTVALUE?S_TOUCHKE...         -----    -----      -----    -----
  +--> ?CO?S_TOUCHKEYCFG



SYMBOL TABLE OF MODULE:  .\Objects\soc_pro (?C_STARTUP)

  VALUE           TYPE          NAME
  ----------------------------------

  -------         MODULE        ?C_STARTUP
  C:152AH         SEGMENT       ?C_C51STARTUP
  I:0040H         SEGMENT       ?STACK
  C:0000H         PUBLIC        ?C_STARTUP
  D:00E0H         SYMBOL        ACC
  D:00F0H         SYMBOL        B
  D:0083H         SYMBOL        DPH
  D:0082H         SYMBOL        DPL
  N:0000H         SYMBOL        IBPSTACK
  N:0100H         SYMBOL        IBPSTACKTOP
  N:0100H         SYMBOL        IDATALEN
  C:152DH         SYMBOL        IDATALOOP
  N:0000H         SYMBOL        PBPSTACK
  N:0100H         SYMBOL        PBPSTACKTOP
  N:0000H         SYMBOL        PDATALEN
  N:0000H         SYMBOL        PDATASTART
  N:0000H         SYMBOL        PPAGE
  N:0000H         SYMBOL        PPAGEENABLE
  D:00A0H         SYMBOL        PPAGE_SFR
  D:0081H         SYMBOL        SP
  C:152AH         SYMBOL        STARTUP1
  N:0000H         SYMBOL        XBPSTACK
  N:0000H         SYMBOL        XBPSTACKTOP
  N:0400H         SYMBOL        XDATALEN
  C:1538H         SYMBOL        XDATALOOP
BL51 BANKED LINKER/LOCATER V6.22.2.0                                                  08/24/2018  14:28:46  PAGE 9


  N:0000H         SYMBOL        XDATASTART
  C:0000H         LINE#         126
  C:152AH         LINE#         133
  C:152CH         LINE#         134
  C:152DH         LINE#         135
  C:152EH         LINE#         136
  C:1530H         LINE#         140
  C:1533H         LINE#         141
  C:1535H         LINE#         145
  C:1537H         LINE#         147
  C:1538H         LINE#         148
  C:1539H         LINE#         149
  C:153AH         LINE#         150
  C:153CH         LINE#         151
  C:153EH         LINE#         185
  C:1541H         LINE#         196
  -------         ENDMOD        ?C_STARTUP

  -------         MODULE        BSP_PWM
  C:0000H         SYMBOL        _ICE_DUMMY_
  D:0080H         PUBLIC        P0
  D:0090H         PUBLIC        P1
  D:00A0H         PUBLIC        P2
  D:00D8H         PUBLIC        P5
  C:18D9H         PUBLIC        Bsp_PwmHandle
  D:00A8H         PUBLIC        IE
  C:1ED4H         PUBLIC        Bsp_PwnFullOn
  C:1F05H         PUBLIC        Bsp_PWMInit
  D:00D6H         PUBLIC        PWMDTY1
  D:00B8H         PUBLIC        IP
  D:0036H         SYMBOL        Pwm_Para
  D:00D4H         PUBLIC        PWMDTYA
  D:0098H         PUBLIC        SCON
  D:0088H         PUBLIC        TCON
  D:00A9H         PUBLIC        IE1
  D:00D1H         PUBLIC        PWMCFG
  D:00D2H         PUBLIC        PWMCON
  C:1EEDH         PUBLIC        Bsp_PwmOff
  C:1FD1H         PUBLIC        Bsp_PwmON
  D:00D3H         PUBLIC        PWMPRD
  D:00C8H         PUBLIC        T2CON
  D:00D0H         PUBLIC        PSW
  -------         PROC          BSP_PWMINIT
  C:1F05H         LINE#         7
  C:1F05H         LINE#         8
  C:1F08H         LINE#         9
  C:1F0BH         LINE#         10
  C:1F0EH         LINE#         11
  C:1F11H         LINE#         12
  C:1F14H         LINE#         13
  C:1F17H         LINE#         14
  -------         ENDPROC       BSP_PWMINIT
  -------         PROC          BSP_PWMHANDLE
  C:18D9H         LINE#         16
  C:18E4H         LINE#         17
  C:18E7H         LINE#         18
  C:18FAH         LINE#         19
BL51 BANKED LINKER/LOCATER V6.22.2.0                                                  08/24/2018  14:28:46  PAGE 10


  C:1900H         LINE#         21
  C:1905H         LINE#         22
  C:1908H         LINE#         23
  C:190AH         LINE#         24
  C:1910H         LINE#         25
  C:1910H         LINE#         27
  C:1917H         LINE#         28
  C:1919H         LINE#         29
  C:191CH         LINE#         30
  C:1921H         LINE#         31
  C:1921H         LINE#         33
  C:1925H         LINE#         34
  C:1927H         LINE#         35
  C:192BH         LINE#         36
  C:192DH         LINE#         37
  C:192DH         LINE#         38
  -------         ENDPROC       BSP_PWMHANDLE
  -------         PROC          BSP_PWMOFF
  C:1EEDH         LINE#         40
  C:1EEDH         LINE#         41
  C:1EFCH         LINE#         42
  C:1EFFH         LINE#         43
  C:1F02H         LINE#         44
  C:1F04H         LINE#         45
  -------         ENDPROC       BSP_PWMOFF
  -------         PROC          BSP_PWNFULLON
  C:1ED4H         LINE#         47
  C:1ED4H         LINE#         48
  C:1EE3H         LINE#         49
  C:1EE6H         LINE#         50
  C:1EE9H         LINE#         51
  C:1EECH         LINE#         52
  -------         ENDPROC       BSP_PWNFULLON
  -------         PROC          BSP_PWMON
  C:1FD1H         LINE#         54
  C:1FD1H         LINE#         55
  C:1FD4H         LINE#         56
  C:1FD7H         LINE#         57
  -------         ENDPROC       BSP_PWMON
  -------         ENDMOD        BSP_PWM

  -------         MODULE        BSP_UART
  C:0000H         SYMBOL        _ICE_DUMMY_
  D:0080H         PUBLIC        P0
  D:009FH         PUBLIC        SSDAT
  D:0090H         PUBLIC        P1
  D:00A0H         PUBLIC        P2
  D:008FH         PUBLIC        OTCON
  D:00D8H         PUBLIC        P5
  D:00A8H         PUBLIC        IE
  D:00B8H         PUBLIC        IP
  B:0098H.1       PUBLIC        TI
  D:0099H         PUBLIC        SBUF
  B:00A0H.0       PUBLIC        P20
  D:0098H         PUBLIC        SCON
  D:0088H         PUBLIC        TCON
  D:009DH         PUBLIC        SSCON0
BL51 BANKED LINKER/LOCATER V6.22.2.0                                                  08/24/2018  14:28:46  PAGE 11


  D:009EH         PUBLIC        SSCON1
  D:0095H         PUBLIC        SSCON2
  C:1D0CH         PUBLIC        _Bsp_UartInit
  D:00A9H         PUBLIC        IE1
  D:0021H         PUBLIC        Tx_Buf
  C:1656H         PUBLIC        _Bsp_UartSendBuf
  D:00A1H         PUBLIC        P2CON
  D:00C8H         PUBLIC        T2CON
  D:00D0H         PUBLIC        PSW
  -------         PROC          _BSP_UARTINIT
  D:0007H         SYMBOL        id
  -------         DO            
  D:000AH         SYMBOL        baud_set
  -------         ENDDO         
  C:1D0CH         LINE#         22
  C:1D0CH         LINE#         38
  C:1D11H         LINE#         39
  C:1D15H         LINE#         40
  C:1D18H         LINE#         41
  C:1D1BH         LINE#         42
  C:1D20H         LINE#         43
  C:1D23H         LINE#         44
  C:1D27H         LINE#         45
  C:1D2AH         LINE#         46
  C:1D2DH         LINE#         47
  C:1D2FH         LINE#         48
  C:1D33H         LINE#         49
  C:1D33H         LINE#         50
  C:1D37H         LINE#         51
  -------         ENDPROC       _BSP_UARTINIT
  -------         PROC          _BSP_UARTSENDBUF
  D:0007H         SYMBOL        id
  D:0012H         SYMBOL        buf
  D:0015H         SYMBOL        len
  C:1656H         LINE#         68
  C:165CH         LINE#         69
  C:1661H         LINE#         70
  C:166EH         LINE#         71
  C:1670H         LINE#         72
  C:1683H         LINE#         73
  C:1688H         LINE#         74
  C:1688H         LINE#         75
  C:168DH         LINE#         76
  C:1691H         LINE#         77
  C:169CH         LINE#         79
  C:16ABH         LINE#         80
  C:16BEH         LINE#         81
  C:16C4H         LINE#         82
  C:16C7H         LINE#         84
  C:16CAH         LINE#         85
  C:16CAH         LINE#         86
  C:16CAH         LINE#         87
  -------         ENDPROC       _BSP_UARTSENDBUF
  -------         ENDMOD        BSP_UART

  -------         MODULE        BSP_TIMER
  C:0000H         SYMBOL        _ICE_DUMMY_
BL51 BANKED LINKER/LOCATER V6.22.2.0                                                  08/24/2018  14:28:46  PAGE 12


  D:0080H         PUBLIC        P0
  D:0090H         PUBLIC        P1
  D:00A0H         PUBLIC        P2
  D:008EH         PUBLIC        TMCON
  D:00D8H         PUBLIC        P5
  D:00A8H         PUBLIC        IE
  D:00B8H         PUBLIC        IP
  D:0098H         PUBLIC        SCON
  D:0088H         PUBLIC        TCON
  D:0089H         PUBLIC        TMOD
  B:00A8H.1       PUBLIC        ET0
  D:008CH         PUBLIC        TH0
  D:008AH         PUBLIC        TL0
  C:1F18H         PUBLIC        Bsp_Timer0Init
  B:0088H.4       PUBLIC        TR0
  D:00C8H         PUBLIC        T2CON
  D:00D0H         PUBLIC        PSW
  -------         PROC          BSP_TIMER0INIT
  C:1F18H         LINE#         16
  C:1F18H         LINE#         17
  C:1F1BH         LINE#         18
  C:1F1EH         LINE#         19
  C:1F21H         LINE#         20
  C:1F24H         LINE#         21
  C:1F26H         LINE#         22
  C:1F28H         LINE#         23
  C:1F2AH         LINE#         24
  -------         ENDPROC       BSP_TIMER0INIT
  -------         ENDMOD        BSP_TIMER

  -------         MODULE        TIMEOUT
  C:0000H         SYMBOL        _ICE_DUMMY_
  C:1E4DH         PUBLIC        _TimeOut_Record
  C:1EA0H         PUBLIC        TimeOutDet_DecHandle
  C:1FA7H         PUBLIC        TimeOut_BaseValue
  C:1CACH         PUBLIC        _TimeOutDet_Check
  D:003CH         PUBLIC        InsBaseNum
  C:1F93H         PUBLIC        TimeOutDet_Init
  -------         PROC          TIMEOUTDET_INIT
  C:1F93H         LINE#         6
  C:1F93H         LINE#         7
  C:1F93H         LINE#         8
  C:1F9CH         LINE#         9
  -------         ENDPROC       TIMEOUTDET_INIT
  -------         PROC          TIMEOUTDET_DECHANDLE
  C:1EA0H         LINE#         11
  C:1EA0H         LINE#         12
  C:1EA0H         LINE#         13
  C:1EB9H         LINE#         14
  -------         ENDPROC       TIMEOUTDET_DECHANDLE
  -------         PROC          TIMEOUT_BASEVALUE
  C:1FA7H         LINE#         16
  C:1FA7H         LINE#         17
  C:1FA7H         LINE#         18
  C:1FAFH         LINE#         19
  -------         ENDPROC       TIMEOUT_BASEVALUE
  -------         PROC          _TIMEOUT_RECORD
BL51 BANKED LINKER/LOCATER V6.22.2.0                                                  08/24/2018  14:28:46  PAGE 13


  D:0001H         SYMBOL        TimeOutPara
  D:000AH         SYMBOL        timeoutvalue
  C:1E4DH         LINE#         21
  C:1E55H         LINE#         23
  C:1E55H         LINE#         24
  C:1E5BH         LINE#         25
  -------         ENDPROC       _TIMEOUT_RECORD
  -------         PROC          _TIMEOUTDET_CHECK
  D:000AH         SYMBOL        TimeOutPara
  C:1CACH         LINE#         33
  C:1CB2H         LINE#         34
  C:1CB2H         LINE#         35
  C:1CDBH         LINE#         36
  -------         ENDPROC       _TIMEOUTDET_CHECK
  -------         ENDMOD        TIMEOUT

  -------         MODULE        BSP_I2C_S
  C:0000H         SYMBOL        _ICE_DUMMY_
  D:0080H         PUBLIC        P0
  D:0090H         PUBLIC        P1
  D:00A0H         PUBLIC        P2
  D:00D8H         PUBLIC        P5
  D:00A8H         PUBLIC        IE
  C:1B34H         PUBLIC        _IIC_Read_Data
  D:00B8H         PUBLIC        IP
  C:1BC9H         PUBLIC        _IIC_Write_Data
  C:13EAH         SYMBOL        _IIC_ReadData
  D:0098H         PUBLIC        SCON
  D:0088H         PUBLIC        TCON
  C:122BH         SYMBOL        _IIC_WriteData
  C:1813H         SYMBOL        _IIC_Start
  C:1FB0H         PUBLIC        _IIC_Init
  C:173CH         SYMBOL        _IIC_Nck
  C:1936H         SYMBOL        _IIC_Stop
  D:00C8H         PUBLIC        T2CON
  C:1E16H         SYMBOL        _IIC_Delay_us
  D:00D0H         PUBLIC        PSW
  -------         PROC          L?0034
  -------         ENDPROC       L?0034
  -------         PROC          _IIC_DELAY_US
  D:0006H         SYMBOL        Delay
  -------         DO            
  D:0005H         SYMBOL        j
  -------         ENDDO         
  C:1E16H         LINE#         7
  C:1E16H         LINE#         9
  C:1E20H         LINE#         10
  C:1E2FH         LINE#         11
  C:1E2FH         LINE#         12
  -------         ENDPROC       _IIC_DELAY_US
  -------         PROC          _IIC_INIT
  D:0001H         SYMBOL        p
  C:1FB0H         LINE#         14
  C:1FB0H         LINE#         16
  -------         ENDPROC       _IIC_INIT
  -------         PROC          _IIC_START
  D:0011H         SYMBOL        p
BL51 BANKED LINKER/LOCATER V6.22.2.0                                                  08/24/2018  14:28:46  PAGE 14


  C:1813H         LINE#         19
  C:1819H         LINE#         20
  C:1829H         LINE#         21
  C:182CH         LINE#         22
  C:1843H         LINE#         23
  C:1846H         LINE#         24
  C:185AH         LINE#         25
  C:1860H         LINE#         26
  C:1875H         LINE#         27
  -------         ENDPROC       _IIC_START
  -------         PROC          L?0035
  -------         ENDPROC       L?0035
  -------         PROC          _IIC_WRITEDATA
  D:0011H         SYMBOL        p
  D:0014H         SYMBOL        Data
  -------         DO            
  D:0015H         SYMBOL        i
  D:0016H         SYMBOL        AckStatus
  -------         ENDDO         
  C:122BH         LINE#         30
  C:1233H         LINE#         32
  C:1241H         LINE#         33
  C:124CH         LINE#         34
  C:1257H         LINE#         35
  C:1259H         LINE#         36
  C:1267H         LINE#         37
  C:1267H         LINE#         38
  C:126DH         LINE#         39
  C:1273H         LINE#         40
  C:128AH         LINE#         41
  C:1290H         LINE#         42
  C:12A5H         LINE#         43
  C:12ABH         LINE#         44
  C:12AFH         LINE#         45
  C:12C1H         LINE#         46
  C:12D8H         LINE#         47
  C:12DEH         LINE#         49
  C:12F4H         LINE#         50
  C:12F7H         LINE#         52
  C:12F9H         LINE#         53
  C:12FCH         LINE#         54
  C:12FCH         LINE#         55
  C:1311H         LINE#         56
  C:1317H         LINE#         57
  C:132AH         LINE#         58
  C:132EH         LINE#         59
  -------         ENDPROC       _IIC_WRITEDATA
  -------         PROC          _IIC_STOP
  D:0011H         SYMBOL        p
  C:1936H         LINE#         61
  C:193CH         LINE#         62
  C:194BH         LINE#         63
  C:1951H         LINE#         64
  C:1968H         LINE#         65
  C:196EH         LINE#         66
  C:1984H         LINE#         67
  C:198AH         LINE#         68
BL51 BANKED LINKER/LOCATER V6.22.2.0                                                  08/24/2018  14:28:46  PAGE 15


  -------         ENDPROC       _IIC_STOP
  -------         PROC          _IIC_NCK
  D:0011H         SYMBOL        p
  C:173CH         LINE#         71
  C:1742H         LINE#         72
  C:1752H         LINE#         73
  C:1758H         LINE#         74
  C:176FH         LINE#         75
  C:1775H         LINE#         76
  C:178AH         LINE#         77
  C:1790H         LINE#         78
  C:17A4H         LINE#         79
  -------         ENDPROC       _IIC_NCK
  -------         PROC          _IIC_READDATA
  D:0011H         SYMBOL        p
  -------         DO            
  D:0014H         SYMBOL        Read
  D:0015H         SYMBOL        j
  -------         ENDDO         
  C:13EAH         LINE#         94
  C:13F0H         LINE#         95
  C:13F3H         LINE#         96
  C:13FFH         LINE#         97
  C:1405H         LINE#         98
  C:1413H         LINE#         99
  C:142AH         LINE#         100
  C:1430H         LINE#         101
  C:1446H         LINE#         102
  C:1455H         LINE#         103
  C:1455H         LINE#         104
  C:146AH         LINE#         105
  C:1470H         LINE#         106
  C:1474H         LINE#         107
  C:1487H         LINE#         108
  C:1489H         LINE#         109
  -------         ENDPROC       _IIC_READDATA
  -------         PROC          _IIC_READ_DATA
  D:000AH         SYMBOL        p
  D:000DH         SYMBOL        Add
  D:000EH         SYMBOL        Read_Data
  C:1B34H         LINE#         111
  C:1B3CH         LINE#         112
  C:1B3FH         LINE#         113
  C:1B54H         LINE#         114
  C:1B57H         LINE#         115
  C:1B5BH         LINE#         116
  C:1B5BH         LINE#         117
  C:1B68H         LINE#         118
  C:1B71H         LINE#         119
  C:1B7AH         LINE#         120
  C:1B7EH         LINE#         121
  -------         ENDPROC       _IIC_READ_DATA
  -------         PROC          _IIC_WRITE_DATA
  D:000AH         SYMBOL        p
  D:000DH         SYMBOL        Add
  D:000EH         SYMBOL        Write_Data
  C:1BC9H         LINE#         123
BL51 BANKED LINKER/LOCATER V6.22.2.0                                                  08/24/2018  14:28:46  PAGE 16


  C:1BD1H         LINE#         124
  C:1BD4H         LINE#         125
  C:1BDDH         LINE#         126
  C:1BE3H         LINE#         127
  C:1BE5H         LINE#         128
  C:1BE5H         LINE#         129
  C:1BF4H         LINE#         130
  C:1BF7H         LINE#         131
  C:1BFBH         LINE#         132
  C:1BFBH         LINE#         133
  C:1BFEH         LINE#         134
  C:1C07H         LINE#         135
  C:1C0BH         LINE#         136
  -------         ENDPROC       _IIC_WRITE_DATA
  -------         ENDMOD        BSP_I2C_S

  -------         MODULE        BSP_I2C_PORT
  C:0000H         SYMBOL        _ICE_DUMMY_
  D:0080H         PUBLIC        P0
  D:0090H         PUBLIC        P1
  D:00A0H         PUBLIC        P2
  D:00D8H         PUBLIC        P5
  D:00A8H         PUBLIC        IE
  D:00B8H         PUBLIC        IP
  C:1EBAH         PUBLIC        _IIC_Port_SDA_Set
  D:0098H         PUBLIC        SCON
  B:0090H.4       PUBLIC        P14
  D:0088H         PUBLIC        TCON
  B:0090H.5       PUBLIC        P15
  C:1E69H         PUBLIC        _IIC_Port_Read
  C:1D64H         PUBLIC        _IIC_Port_Write
  C:1F62H         PUBLIC        _IIC_Port_Init
  D:0091H         PUBLIC        P1CON
  D:00C8H         PUBLIC        T2CON
  D:00D0H         PUBLIC        PSW
  -------         PROC          _IIC_PORT_INIT
  D:0006H         SYMBOL        ID
  C:1F62H         LINE#         11
  C:1F62H         LINE#         12
  C:1F66H         LINE#         17
  C:1F69H         LINE#         18
  C:1F6CH         LINE#         19
  C:1F6CH         LINE#         20
  C:1F70H         LINE#         21
  -------         ENDPROC       _IIC_PORT_INIT
  -------         PROC          _IIC_PORT_SDA_SET
  D:0006H         SYMBOL        ID
  D:0004H         SYMBOL        Func
  C:1EBAH         LINE#         25
  C:1EBAH         LINE#         26
  C:1EBEH         LINE#         27
  C:1EC2H         LINE#         28
  C:1EC5H         LINE#         29
  C:1ECDH         LINE#         30
  C:1ED0H         LINE#         31
  C:1ED0H         LINE#         33
  C:1ED0H         LINE#         34
BL51 BANKED LINKER/LOCATER V6.22.2.0                                                  08/24/2018  14:28:46  PAGE 17


  C:1ED0H         LINE#         35
  C:1ED3H         LINE#         37
  -------         ENDPROC       _IIC_PORT_SDA_SET
  -------         PROC          _IIC_PORT_WRITE
  D:0006H         SYMBOL        ID
  D:0004H         SYMBOL        Func
  D:0002H         SYMBOL        Data
  C:1D64H         LINE#         42
  C:1D64H         LINE#         43
  C:1D68H         LINE#         44
  C:1D6CH         LINE#         45
  C:1D76H         LINE#         46
  C:1D7EH         LINE#         47
  C:1D88H         LINE#         48
  C:1D88H         LINE#         50
  C:1D88H         LINE#         51
  C:1D88H         LINE#         52
  C:1D8BH         LINE#         54
  -------         ENDPROC       _IIC_PORT_WRITE
  -------         PROC          _IIC_PORT_READ
  D:0006H         SYMBOL        ID
  D:0004H         SYMBOL        Func
  C:1E69H         LINE#         56
  C:1E69H         LINE#         57
  C:1E6DH         LINE#         58
  C:1E71H         LINE#         59
  C:1E75H         LINE#         60
  C:1E7BH         LINE#         61
  C:1E81H         LINE#         62
  C:1E81H         LINE#         64
  C:1E81H         LINE#         65
  C:1E81H         LINE#         66
  C:1E84H         LINE#         67
  -------         ENDPROC       _IIC_PORT_READ
  -------         ENDMOD        BSP_I2C_PORT

  -------         MODULE        MAIN
  C:0000H         SYMBOL        _ICE_DUMMY_
  D:0080H         PUBLIC        P0
  D:0090H         PUBLIC        P1
  D:00A0H         PUBLIC        P2
  D:00D8H         PUBLIC        P5
  D:00A8H         PUBLIC        IE
  D:00B8H         PUBLIC        IP
  C:0003H         PUBLIC        main
  D:0098H         PUBLIC        SCON
  D:0088H         PUBLIC        TCON
  D:00C8H         PUBLIC        T2CON
  D:00D0H         PUBLIC        PSW
  -------         PROC          MAIN
  C:0003H         LINE#         13
  C:0003H         LINE#         14
  C:0006H         LINE#         15
  C:0006H         LINE#         16
  C:0009H         LINE#         17
  -------         ENDPROC       MAIN
  -------         ENDMOD        MAIN
BL51 BANKED LINKER/LOCATER V6.22.2.0                                                  08/24/2018  14:28:46  PAGE 18



  -------         MODULE        APP
  C:0000H         SYMBOL        _ICE_DUMMY_
  D:0080H         PUBLIC        P0
  D:009FH         PUBLIC        SSDAT
  D:0090H         PUBLIC        P1
  D:00A0H         PUBLIC        P2
  D:00D8H         PUBLIC        P5
  B:00A8H.7       PUBLIC        EA
  X:005CH         SYMBOL        App_Para
  C:0ABCH         PUBLIC        App_LockKeyHandle
  D:00A8H         PUBLIC        IE
  C:1115H         PUBLIC        Key_Scan
  C:1991H         PUBLIC        App_MassKeyHandle
  C:19EBH         PUBLIC        App_WarmKeyHandle
  C:148AH         PUBLIC        App_Init
  D:00B8H         PUBLIC        IP
  D:0092H         PUBLIC        P1PH
  D:00A2H         PUBLIC        P2PH
  C:1C44H         SYMBOL        _System_Send_Message
  C:003EH         PUBLIC        App_Key0Handle
  C:1C0CH         PUBLIC        App_Key1Handle
  C:1FD8H         PUBLIC        App_Key2Handle
  C:1E30H         SYMBOL        App_LedInit
  C:1FDBH         PUBLIC        App_Key3Handle
  B:0080H.1       PUBLIC        P01
  C:1CDCH         PUBLIC        App_Key4Handle
  B:00A0H.0       PUBLIC        P20
  C:1FDEH         PUBLIC        App_Key5Handle
  B:00A0H.2       PUBLIC        P22
  D:0098H         PUBLIC        SCON
  B:00D8H.0       PUBLIC        P50
  B:00A0H.3       PUBLIC        P23
  D:0088H         PUBLIC        TCON
  B:00D8H.1       PUBLIC        P51
  B:00A0H.4       PUBLIC        P24
  B:00A0H.5       PUBLIC        P25
  B:0090H.7       PUBLIC        P17
  D:009DH         PUBLIC        SSCON0
  B:00A0H.7       PUBLIC        P27
  C:0C76H         PUBLIC        Bsp_Timer0IqrHandle
  X:0092H         SYMBOL        I2c_Para
  D:008CH         PUBLIC        TH0
  D:008AH         PUBLIC        TL0
  D:00CFH         PUBLIC        WDTCON
  C:0772H         PUBLIC        App_Handle
  C:1B7FH         PUBLIC        Bsp_Uart1IqrHandle
  D:009AH         PUBLIC        P0CON
  D:00A1H         PUBLIC        P2CON
  D:00D9H         PUBLIC        P5CON
  C:17AAH         PUBLIC        App_HeatCoolHandle
  D:00C8H         PUBLIC        T2CON
  C:187BH         PUBLIC        App_LightKeyHandle
  D:00D0H         PUBLIC        PSW
  -------         PROC          APP_LEDINIT
  C:1E30H         LINE#         39
  C:1E30H         LINE#         40
BL51 BANKED LINKER/LOCATER V6.22.2.0                                                  08/24/2018  14:28:46  PAGE 19


  C:1E33H         LINE#         41
  C:1E36H         LINE#         42
  C:1E39H         LINE#         43
  C:1E3CH         LINE#         44
  C:1E4AH         LINE#         46
  C:1E4CH         LINE#         47
  -------         ENDPROC       APP_LEDINIT
  -------         PROC          APP_HEATCOOLHANDLE
  C:17AAH         LINE#         62
  C:17AAH         LINE#         66
  C:17B2H         LINE#         68
  C:17B4H         LINE#         69
  C:17B6H         LINE#         70
  C:17B8H         LINE#         71
  C:17BBH         LINE#         72
  C:17C2H         LINE#         73
  C:17C4H         LINE#         76
  C:17C4H         LINE#         77
  C:17CEH         LINE#         81
  C:17D0H         LINE#         82
  C:17D2H         LINE#         83
  C:17D4H         LINE#         84
  C:17D7H         LINE#         85
  C:17DAH         LINE#         86
  C:17E1H         LINE#         87
  C:17E3H         LINE#         89
  C:17E3H         LINE#         90
  C:17E5H         LINE#         91
  C:17E7H         LINE#         92
  C:17E9H         LINE#         93
  C:17EBH         LINE#         94
  C:17EEH         LINE#         95
  C:17F4H         LINE#         96
  C:17F7H         LINE#         97
  C:17F7H         LINE#         98
  C:17FEH         LINE#         99
  C:1802H         LINE#         100
  C:1812H         LINE#         101
  C:1812H         LINE#         102
  -------         ENDPROC       APP_HEATCOOLHANDLE
  -------         PROC          APP_LOCKKEYHANDLE
  C:0ABCH         LINE#         105
  C:0ABCH         LINE#         106
  C:0AC5H         LINE#         107
  C:0ACBH         LINE#         109
  C:0AD4H         LINE#         110
  C:0AD8H         LINE#         111
  C:0ADAH         LINE#         112
  C:0ADCH         LINE#         113
  C:0AE0H         LINE#         114
  C:0AE2H         LINE#         115
  C:0AE2H         LINE#         117
  C:0AEBH         LINE#         118
  C:0AF2H         LINE#         119
  C:0AF5H         LINE#         120
  C:0AF9H         LINE#         121
  C:0B01H         LINE#         122
BL51 BANKED LINKER/LOCATER V6.22.2.0                                                  08/24/2018  14:28:46  PAGE 20


  C:0B08H         LINE#         123
  C:0B0BH         LINE#         124
  C:0B0DH         LINE#         125
  C:0B0FH         LINE#         126
  C:0B19H         LINE#         127
  C:0B20H         LINE#         128
  C:0B23H         LINE#         129
  C:0B25H         LINE#         130
  C:0B27H         LINE#         131
  C:0B27H         LINE#         133
  C:0B2FH         LINE#         134
  C:0B2FH         LINE#         135
  C:0B31H         LINE#         136
  C:0B38H         LINE#         137
  C:0B3AH         LINE#         139
  C:0B3AH         LINE#         140
  C:0B3CH         LINE#         141
  C:0B43H         LINE#         142
  C:0B43H         LINE#         144
  C:0B4BH         LINE#         145
  C:0B4BH         LINE#         146
  C:0B4DH         LINE#         147
  C:0B54H         LINE#         148
  C:0B56H         LINE#         150
  C:0B56H         LINE#         151
  C:0B58H         LINE#         152
  C:0B5FH         LINE#         153
  C:0B5FH         LINE#         154
  C:0B61H         LINE#         155
  C:0B63H         LINE#         156
  C:0B6AH         LINE#         157
  C:0B6EH         LINE#         158
  C:0B7EH         LINE#         159
  C:0B81H         LINE#         160
  C:0B87H         LINE#         161
  C:0B89H         LINE#         162
  C:0B8EH         LINE#         163
  C:0B95H         LINE#         164
  C:0B99H         LINE#         165
  C:0B9DH         LINE#         166
  C:0BA5H         LINE#         167
  C:0BB5H         LINE#         168
  C:0BC1H         LINE#         169
  C:0BC4H         LINE#         171
  C:0BC4H         LINE#         172
  C:0BCCH         LINE#         174
  C:0BD5H         LINE#         175
  C:0BDCH         LINE#         176
  C:0BDFH         LINE#         177
  C:0BE3H         LINE#         179
  C:0BEBH         LINE#         180
  C:0BF2H         LINE#         181
  C:0BF5H         LINE#         182
  C:0BF7H         LINE#         183
  C:0BF9H         LINE#         185
  C:0C03H         LINE#         186
  C:0C0AH         LINE#         187
BL51 BANKED LINKER/LOCATER V6.22.2.0                                                  08/24/2018  14:28:46  PAGE 21


  C:0C0DH         LINE#         188
  C:0C0FH         LINE#         189
  C:0C11H         LINE#         190
  C:0C11H         LINE#         191
  C:0C19H         LINE#         192
  C:0C19H         LINE#         193
  C:0C1BH         LINE#         194
  C:0C22H         LINE#         195
  C:0C24H         LINE#         197
  C:0C24H         LINE#         198
  C:0C26H         LINE#         199
  C:0C2DH         LINE#         200
  C:0C2DH         LINE#         202
  C:0C35H         LINE#         203
  C:0C35H         LINE#         204
  C:0C37H         LINE#         205
  C:0C3EH         LINE#         206
  C:0C40H         LINE#         208
  C:0C40H         LINE#         209
  C:0C42H         LINE#         210
  C:0C49H         LINE#         211
  C:0C49H         LINE#         213
  C:0C5DH         LINE#         222
  C:0C5FH         LINE#         223
  C:0C61H         LINE#         224
  C:0C68H         LINE#         225
  C:0C68H         LINE#         226
  C:0C6EH         LINE#         227
  C:0C75H         LINE#         228
  -------         ENDPROC       APP_LOCKKEYHANDLE
  -------         PROC          APP_LIGHTKEYHANDLE
  C:187BH         LINE#         252
  C:187BH         LINE#         253
  C:1881H         LINE#         254
  C:1886H         LINE#         256
  C:188CH         LINE#         257
  C:1893H         LINE#         258
  C:1899H         LINE#         259
  C:189BH         LINE#         260
  C:18A1H         LINE#         261
  C:18A4H         LINE#         262
  C:18A4H         LINE#         263
  C:18A6H         LINE#         264
  C:18ADH         LINE#         265
  C:18AFH         LINE#         266
  C:18B4H         LINE#         267
  C:18BAH         LINE#         268
  C:18BDH         LINE#         269
  C:18BDH         LINE#         270
  C:18BDH         LINE#         271
  C:18D1H         LINE#         272
  C:18D8H         LINE#         273
  C:18D8H         LINE#         274
  -------         ENDPROC       APP_LIGHTKEYHANDLE
  -------         PROC          APP_MASSKEYHANDLE
  C:1991H         LINE#         276
  C:1991H         LINE#         277
BL51 BANKED LINKER/LOCATER V6.22.2.0                                                  08/24/2018  14:28:46  PAGE 22


  C:1997H         LINE#         278
  C:199CH         LINE#         280
  C:19A7H         LINE#         281
  C:19ABH         LINE#         282
  C:19B1H         LINE#         283
  C:19B5H         LINE#         284
  C:19BCH         LINE#         285
  C:19BEH         LINE#         286
  C:19C0H         LINE#         287
  C:19C4H         LINE#         288
  C:19C6H         LINE#         289
  C:19CBH         LINE#         290
  C:19CFH         LINE#         291
  C:19CFH         LINE#         292
  C:19E3H         LINE#         293
  C:19EAH         LINE#         294
  C:19EAH         LINE#         295
  -------         ENDPROC       APP_MASSKEYHANDLE
  -------         PROC          APP_WARMKEYHANDLE
  C:19EBH         LINE#         297
  C:19EBH         LINE#         298
  C:19F1H         LINE#         299
  C:19F6H         LINE#         301
  C:19FFH         LINE#         302
  C:1A03H         LINE#         303
  C:1A09H         LINE#         304
  C:1A0DH         LINE#         305
  C:1A14H         LINE#         306
  C:1A16H         LINE#         307
  C:1A18H         LINE#         308
  C:1A1CH         LINE#         309
  C:1A1EH         LINE#         310
  C:1A23H         LINE#         311
  C:1A27H         LINE#         312
  C:1A27H         LINE#         313
  C:1A3BH         LINE#         314
  C:1A42H         LINE#         315
  C:1A42H         LINE#         316
  -------         ENDPROC       APP_WARMKEYHANDLE
  -------         PROC          APP_KEY0HANDLE
  C:003EH         LINE#         333
  C:003EH         LINE#         334
  -------         ENDPROC       APP_KEY0HANDLE
  -------         PROC          APP_KEY1HANDLE
  C:1C0CH         LINE#         350
  C:1C0CH         LINE#         351
  C:1C12H         LINE#         352
  C:1C17H         LINE#         353
  C:1C1FH         LINE#         354
  C:1C22H         LINE#         355
  C:1C27H         LINE#         356
  C:1C2EH         LINE#         357
  C:1C30H         LINE#         358
  C:1C35H         LINE#         359
  C:1C39H         LINE#         360
  C:1C39H         LINE#         361
  C:1C3CH         LINE#         362
BL51 BANKED LINKER/LOCATER V6.22.2.0                                                  08/24/2018  14:28:46  PAGE 23


  C:1C43H         LINE#         363
  C:1C43H         LINE#         364
  -------         ENDPROC       APP_KEY1HANDLE
  -------         PROC          APP_KEY2HANDLE
  C:1FD8H         LINE#         379
  C:1FD8H         LINE#         381
  -------         ENDPROC       APP_KEY2HANDLE
  -------         PROC          APP_KEY3HANDLE
  C:1FDBH         LINE#         397
  C:1FDBH         LINE#         399
  -------         ENDPROC       APP_KEY3HANDLE
  -------         PROC          APP_KEY4HANDLE
  C:1CDCH         LINE#         415
  C:1CDCH         LINE#         416
  C:1CE2H         LINE#         417
  C:1CE7H         LINE#         418
  C:1CEFH         LINE#         419
  C:1CF2H         LINE#         420
  C:1CF6H         LINE#         421
  C:1CFDH         LINE#         422
  C:1CFFH         LINE#         423
  C:1D04H         LINE#         424
  C:1D08H         LINE#         425
  C:1D08H         LINE#         426
  C:1D0BH         LINE#         427
  C:1D0BH         LINE#         428
  -------         ENDPROC       APP_KEY4HANDLE
  -------         PROC          APP_KEY5HANDLE
  C:1FDEH         LINE#         443
  C:1FDEH         LINE#         444
  -------         ENDPROC       APP_KEY5HANDLE
  -------         PROC          _SYSTEM_SEND_MESSAGE
  D:0004H         SYMBOL        cont
  -------         DO            
  D:000AH         SYMBOL        TX_Buf
  -------         ENDDO         
  C:1C44H         LINE#         448
  C:1C48H         LINE#         450
  C:1C4BH         LINE#         451
  C:1C4EH         LINE#         452
  C:1C51H         LINE#         453
  C:1C54H         LINE#         454
  C:1C5EH         LINE#         456
  C:1C61H         LINE#         457
  C:1C64H         LINE#         458
  C:1C75H         LINE#         459
  C:1C78H         LINE#         460
  -------         ENDPROC       _SYSTEM_SEND_MESSAGE
  -------         PROC          KEY_SCAN
  C:1115H         LINE#         475
  C:1115H         LINE#         476
  C:111FH         LINE#         477
  C:111FH         LINE#         478
  C:1122H         LINE#         479
  C:112AH         LINE#         480
  C:114DH         LINE#         481
  C:114DH         LINE#         482
BL51 BANKED LINKER/LOCATER V6.22.2.0                                                  08/24/2018  14:28:46  PAGE 24


  C:1155H         LINE#         483
  C:1158H         LINE#         484
  C:1169H         LINE#         485
  C:116FH         LINE#         486
  C:116FH         LINE#         487
  C:118AH         LINE#         488
  C:118CH         LINE#         489
  C:1192H         LINE#         490
  C:1194H         LINE#         491
  C:1196H         LINE#         492
  C:119BH         LINE#         493
  C:119BH         LINE#         494
  C:119EH         LINE#         495
  C:119EH         LINE#         496
  C:11A1H         LINE#         497
  C:11A1H         LINE#         499
  C:11A1H         LINE#         500
  C:11A9H         LINE#         501
  C:11ACH         LINE#         503
  C:11AFH         LINE#         504
  C:11AFH         LINE#         505
  C:11B1H         LINE#         506
  C:11B1H         LINE#         508
  C:11B1H         LINE#         509
  C:11B9H         LINE#         510
  C:11BCH         LINE#         511
  C:11BFH         LINE#         512
  C:11BFH         LINE#         513
  C:11C1H         LINE#         514
  C:11C1H         LINE#         516
  C:11C1H         LINE#         517
  C:11C9H         LINE#         518
  C:11CCH         LINE#         521
  C:11CFH         LINE#         522
  C:11CFH         LINE#         523
  C:11D1H         LINE#         524
  C:11D1H         LINE#         526
  C:11D1H         LINE#         527
  C:11D9H         LINE#         528
  C:11DCH         LINE#         530
  C:11DFH         LINE#         531
  C:11DFH         LINE#         532
  C:11E1H         LINE#         533
  C:11E1H         LINE#         535
  C:11E1H         LINE#         536
  C:11E9H         LINE#         537
  C:11ECH         LINE#         538
  C:11EFH         LINE#         539
  C:11EFH         LINE#         540
  C:11F1H         LINE#         541
  C:11F1H         LINE#         543
  C:11F1H         LINE#         544
  C:11F7H         LINE#         545
  C:11F9H         LINE#         550
  C:120DH         LINE#         551
  C:1212H         LINE#         552
  C:1218H         LINE#         553
BL51 BANKED LINKER/LOCATER V6.22.2.0                                                  08/24/2018  14:28:46  PAGE 25


  C:121CH         LINE#         554
  C:1221H         LINE#         555
  C:1221H         LINE#         556
  C:1221H         LINE#         557
  C:1221H         LINE#         558
  C:1221H         LINE#         559
  C:1221H         LINE#         560
  C:1224H         LINE#         561
  C:1224H         LINE#         562
  -------         ENDPROC       KEY_SCAN
  -------         PROC          APP_INIT
  -------         DO            
  D:0008H         SYMBOL        i
  -------         ENDDO         
  C:148AH         LINE#         577
  C:148AH         LINE#         579
  C:148DH         LINE#         580
  C:1490H         LINE#         581
  C:1493H         LINE#         582
  C:1498H         LINE#         584
  C:149BH         LINE#         585
  C:149EH         LINE#         586
  C:14A3H         LINE#         587
  C:14C1H         LINE#         588
  C:14C5H         LINE#         589
  C:14D2H         LINE#         590
  C:14DFH         LINE#         591
  C:14DFH         LINE#         592
  C:14ECH         LINE#         593
  C:14FFH         LINE#         594
  C:1502H         LINE#         595
  C:150AH         LINE#         596
  C:151AH         LINE#         597
  C:151DH         LINE#         598
  C:1523H         LINE#         599
  C:1527H         LINE#         600
  C:1529H         LINE#         601
  -------         ENDPROC       APP_INIT
  -------         PROC          APP_HANDLE
  -------         DO            
  D:0008H         SYMBOL        SentData
  -------         ENDDO         
  C:0772H         LINE#         616
  C:0772H         LINE#         618
  C:0775H         LINE#         623
  C:0778H         LINE#         628
  C:077EH         LINE#         629
  C:0795H         LINE#         631
  C:07AFH         LINE#         632
  C:07AFH         LINE#         633
  C:07BAH         LINE#         634
  C:07BDH         LINE#         635
  C:07CEH         LINE#         636
  C:07D4H         LINE#         637
  C:07D4H         LINE#         638
  C:07D6H         LINE#         639
  C:07D6H         LINE#         641
BL51 BANKED LINKER/LOCATER V6.22.2.0                                                  08/24/2018  14:28:46  PAGE 26


  C:07D6H         LINE#         642
  C:07DEH         LINE#         643
  C:07E1H         LINE#         645
  C:07E4H         LINE#         646
  C:07E4H         LINE#         647
  C:07E6H         LINE#         648
  C:07E6H         LINE#         650
  C:07E6H         LINE#         651
  C:07EEH         LINE#         652
  C:07F1H         LINE#         653
  C:07F4H         LINE#         654
  C:07F4H         LINE#         655
  C:07F6H         LINE#         656
  C:07F6H         LINE#         658
  C:07F6H         LINE#         659
  C:07FEH         LINE#         660
  C:0801H         LINE#         662
  C:0804H         LINE#         663
  C:0804H         LINE#         664
  C:0806H         LINE#         665
  C:0806H         LINE#         667
  C:0806H         LINE#         668
  C:080EH         LINE#         669
  C:0811H         LINE#         670
  C:0814H         LINE#         671
  C:0814H         LINE#         672
  C:0816H         LINE#         673
  C:0816H         LINE#         675
  C:0816H         LINE#         676
  C:081EH         LINE#         677
  C:0821H         LINE#         678
  C:0824H         LINE#         679
  C:0824H         LINE#         680
  C:0826H         LINE#         681
  C:0826H         LINE#         682
  C:0826H         LINE#         683
  C:082CH         LINE#         684
  C:082EH         LINE#         689
  C:0842H         LINE#         690
  C:0847H         LINE#         695
  C:0847H         LINE#         696
  C:0847H         LINE#         697
  C:0847H         LINE#         698
  C:0847H         LINE#         699
  C:0847H         LINE#         704
  C:085CH         LINE#         705
  C:085EH         LINE#         706
  C:0862H         LINE#         707
  C:0864H         LINE#         708
  C:0866H         LINE#         709
  C:086BH         LINE#         710
  C:086BH         LINE#         711
  C:086EH         LINE#         712
  C:086EH         LINE#         717
  C:0874H         LINE#         718
  C:0888H         LINE#         719
  C:088DH         LINE#         720
BL51 BANKED LINKER/LOCATER V6.22.2.0                                                  08/24/2018  14:28:46  PAGE 27


  C:0893H         LINE#         721
  C:0893H         LINE#         726
  C:089CH         LINE#         727
  C:08A1H         LINE#         728
  C:08A2H         LINE#         732
  C:08AAH         LINE#         733
  C:08ADH         LINE#         734
  C:08B0H         LINE#         735
  C:08B8H         LINE#         736
  C:08BBH         LINE#         737
  C:08BEH         LINE#         738
  C:08BEH         LINE#         774
  C:08C6H         LINE#         775
  C:08C9H         LINE#         776
  C:08CCH         LINE#         777
  C:08CFH         LINE#         778
  C:08D9H         LINE#         779
  C:08DCH         LINE#         780
  C:08DFH         LINE#         781
  C:08E2H         LINE#         782
  C:08E4H         LINE#         783
  C:08E7H         LINE#         784
  C:08EAH         LINE#         785
  C:08EDH         LINE#         786
  C:08EDH         LINE#         792
  C:08F5H         LINE#         793
  C:08F5H         LINE#         794
  C:08F8H         LINE#         795
  C:08FBH         LINE#         796
  C:08FDH         LINE#         797
  C:0903H         LINE#         798
  C:0903H         LINE#         799
  C:0906H         LINE#         800
  C:0909H         LINE#         801
  C:0909H         LINE#         805
  C:0911H         LINE#         806
  C:0911H         LINE#         807
  C:0914H         LINE#         808
  C:0917H         LINE#         809
  C:0919H         LINE#         810
  C:091FH         LINE#         811
  C:091FH         LINE#         812
  C:0922H         LINE#         813
  C:0925H         LINE#         814
  C:0925H         LINE#         817
  C:092FH         LINE#         818
  C:0935H         LINE#         819
  C:0935H         LINE#         824
  C:093BH         LINE#         825
  C:093DH         LINE#         826
  C:0941H         LINE#         827
  C:094CH         LINE#         828
  C:094CH         LINE#         833
  C:0963H         LINE#         834
  C:0964H         LINE#         835
  C:0969H         LINE#         837
  C:096BH         LINE#         838
BL51 BANKED LINKER/LOCATER V6.22.2.0                                                  08/24/2018  14:28:46  PAGE 28


  C:096DH         LINE#         840
  C:0973H         LINE#         841
  C:0976H         LINE#         842
  C:0978H         LINE#         843
  C:097BH         LINE#         844
  C:097BH         LINE#         847
  C:0983H         LINE#         849
  C:0993H         LINE#         850
  C:0993H         LINE#         852
  C:09AAH         LINE#         853
  C:09ABH         LINE#         854
  C:09B0H         LINE#         855
  C:09B2H         LINE#         856
  C:09B4H         LINE#         858
  C:09BAH         LINE#         859
  C:09BDH         LINE#         860
  C:09BFH         LINE#         861
  C:09C2H         LINE#         862
  C:09C2H         LINE#         863
  C:09CAH         LINE#         865
  C:09DAH         LINE#         866
  C:09DAH         LINE#         868
  C:09F1H         LINE#         869
  C:09F2H         LINE#         870
  C:09F7H         LINE#         872
  C:09F9H         LINE#         875
  C:0A01H         LINE#         876
  C:0A11H         LINE#         877
  C:0A11H         LINE#         881
  C:0A28H         LINE#         882
  C:0A29H         LINE#         883
  C:0A2EH         LINE#         884
  C:0A30H         LINE#         885
  C:0A32H         LINE#         887
  C:0A3AH         LINE#         888
  C:0A4AH         LINE#         889
  C:0A4AH         LINE#         892
  C:0A5FH         LINE#         893
  C:0A61H         LINE#         894
  C:0A65H         LINE#         895
  C:0A69H         LINE#         896
  C:0A6EH         LINE#         897
  C:0A72H         LINE#         898
  C:0A76H         LINE#         899
  C:0A7AH         LINE#         900
  C:0A7CH         LINE#         901
  C:0A86H         LINE#         902
  C:0A88H         LINE#         903
  C:0A8BH         LINE#         904
  C:0A8DH         LINE#         905
  C:0A92H         LINE#         906
  C:0A93H         LINE#         907
  C:0A96H         LINE#         908
  C:0A99H         LINE#         909
  C:0A9CH         LINE#         910
  C:0A9FH         LINE#         911
  C:0AA2H         LINE#         912
BL51 BANKED LINKER/LOCATER V6.22.2.0                                                  08/24/2018  14:28:46  PAGE 29


  C:0AA5H         LINE#         913
  C:0AA7H         LINE#         914
  C:0ABBH         LINE#         915
  C:0ABBH         LINE#         916
  -------         ENDPROC       APP_HANDLE
  -------         PROC          BSP_UART1IQRHANDLE
  -------         DO            
  D:001DH         SYMBOL        crc
  -------         ENDDO         
  C:1B7FH         LINE#         965
  C:1B8CH         LINE#         966
  C:1B8FH         LINE#         968
  C:1B94H         LINE#         969
  C:1B97H         LINE#         970
  C:1BA9H         LINE#         971
  C:1BACH         LINE#         972
  C:1BB0H         LINE#         974
  C:1BB0H         LINE#         976
  C:1BBEH         LINE#         977
  C:1BBEH         LINE#         1027
  -------         ENDPROC       BSP_UART1IQRHANDLE
  -------         PROC          BSP_TIMER0IQRHANDLE
  -------         DO            
  D:001EH         SYMBOL        base_time
  -------         ENDDO         
  C:0C76H         LINE#         1030
  C:0C93H         LINE#         1032
  C:0C96H         LINE#         1033
  C:0C99H         LINE#         1034
  C:0C9CH         LINE#         1036
  C:0CB2H         LINE#         1037
  C:0CB8H         LINE#         1038
  C:0CBEH         LINE#         1039
  C:0CD3H         LINE#         1040
  C:0CD8H         LINE#         1042
  C:0CD8H         LINE#         1043
  C:0CD8H         LINE#         1045
  C:0CDEH         LINE#         1046
  C:0CF3H         LINE#         1047
  C:0CF8H         LINE#         1048
  C:0CF8H         LINE#         1049
  C:0CF8H         LINE#         1051
  C:0CFEH         LINE#         1052
  C:0D13H         LINE#         1053
  C:0D18H         LINE#         1054
  C:0D18H         LINE#         1055
  C:0D18H         LINE#         1057
  C:0D1EH         LINE#         1058
  C:0D1EH         LINE#         1059
  C:0D33H         LINE#         1060
  C:0D38H         LINE#         1061
  C:0D38H         LINE#         1062
  C:0D38H         LINE#         1064
  C:0D3EH         LINE#         1065
  C:0D3EH         LINE#         1066
  C:0D53H         LINE#         1067
  C:0D53H         LINE#         1068
BL51 BANKED LINKER/LOCATER V6.22.2.0                                                  08/24/2018  14:28:46  PAGE 30


  C:0D58H         LINE#         1069
  C:0D58H         LINE#         1070
  C:0D58H         LINE#         1072
  C:0D58H         LINE#         1074
  C:0D5EH         LINE#         1075
  C:0D6FH         LINE#         1076
  C:0D73H         LINE#         1077
  C:0D73H         LINE#         1078
  C:0D73H         LINE#         1080
  C:0D79H         LINE#         1081
  C:0D8DH         LINE#         1082
  C:0D93H         LINE#         1083
  C:0D93H         LINE#         1084
  C:0D93H         LINE#         1085
  -------         ENDPROC       BSP_TIMER0IQRHANDLE
  -------         ENDMOD        APP

  -------         MODULE        S_TOUCHKEYCFG
  C:0000H         SYMBOL        _ICE_DUMMY_
  X:0000H         PUBLIC        ConfirmTouchCnt
  X:0001H         PUBLIC        BaseLine
  C:1DD6H         PUBLIC        TouchKeyCFGInit
  C:1F50H         PUBLIC        _GetBaseLineAdjustValue
  X:000DH         PUBLIC        FloatAreaCnt
  B:00D0H.7       PUBLIC        TK_CY
  C:1D38H         PUBLIC        _GetCurrFingerValue
  C:1FE1H         PUBLIC        GetCsFunction
  X:0013H         PUBLIC        CurrentChannel
  X:0019H         PUBLIC        RawData
  C:1FC1H         PUBLIC        IsDoubleKeyOrSlideKey
  X:0025H         PUBLIC        TouchCnt
  X:002BH         PUBLIC        LowFingerDataCnt
  C:0DAEH         PUBLIC        TouchKeyScan
  C:1F7DH         PUBLIC        SetOneKeyPushResetTime
  C:1F3EH         PUBLIC        _GetScanTimeValue
  C:1F9DH         PUBLIC        GetTKYzCnt
  X:0031H         PUBLIC        DifferAccum
  X:003DH         PUBLIC        RestAreaCnt
  C:0046H         PUBLIC        _GetTKYzThreshold
  C:1A43H         PUBLIC        CurrentSensorChoose
  C:1FB9H         PUBLIC        GetInitAutoUpdateTime
  X:0043H         PUBLIC        MultipleLNum
  C:000EH         PUBLIC        _GetCfgMsg
  X:0045H         PUBLIC        SOCAPI_TouchKeyStatus
  C:1FC9H         PUBLIC        GetUpConfirmCnt
  X:0046H         PUBLIC        UpdateBaseLNum
  X:0048H         PUBLIC        SetNoiseThreshold
  C:1F88H         PUBLIC        GetBaselineUpdateThreshold
  X:0049H         PUBLIC        FilterData
  X:0055H         PUBLIC        NoTouchCnt
  X:005BH         PUBLIC        MultipleDealTpye
  C:1AB8H         PUBLIC        TKChannelCfg
  C:1A96H         PUBLIC        TKCFG
  D:00D0H         PUBLIC        TK_PSW
  -------         PROC          SETONEKEYPUSHRESETTIME
  C:1F7DH         LINE#         94
  C:1F7DH         LINE#         95
BL51 BANKED LINKER/LOCATER V6.22.2.0                                                  08/24/2018  14:28:46  PAGE 31


  C:1F7DH         LINE#         96
  C:1F87H         LINE#         97
  -------         ENDPROC       SETONEKEYPUSHRESETTIME
  -------         PROC          GETBASELINEUPDATETHRESHOLD
  C:1F88H         LINE#         105
  C:1F88H         LINE#         106
  C:1F88H         LINE#         107
  C:1F92H         LINE#         108
  -------         ENDPROC       GETBASELINEUPDATETHRESHOLD
  -------         PROC          GETINITAUTOUPDATETIME
  C:1FB9H         LINE#         117
  C:1FB9H         LINE#         118
  C:1FB9H         LINE#         119
  C:1FC0H         LINE#         120
  -------         ENDPROC       GETINITAUTOUPDATETIME
  -------         PROC          GETCSFUNCTION
  C:1FE1H         LINE#         128
  C:1FE1H         LINE#         129
  C:1FE1H         LINE#         130
  C:1FE3H         LINE#         131
  -------         ENDPROC       GETCSFUNCTION
  -------         PROC          _GETCURRFINGERVALUE
  D:0005H         SYMBOL        i
  C:1D38H         LINE#         139
  C:1D3AH         LINE#         140
  C:1D3AH         LINE#         141
  C:1D63H         LINE#         142
  -------         ENDPROC       _GETCURRFINGERVALUE
  -------         PROC          _GETSCANTIMEVALUE
  D:0007H         SYMBOL        i
  C:1F3EH         LINE#         151
  C:1F3EH         LINE#         152
  C:1F3EH         LINE#         153
  C:1F4FH         LINE#         154
  -------         ENDPROC       _GETSCANTIMEVALUE
  -------         PROC          ISDOUBLEKEYORSLIDEKEY
  C:1FC1H         LINE#         162
  C:1FC1H         LINE#         163
  C:1FC1H         LINE#         164
  C:1FC8H         LINE#         165
  -------         ENDPROC       ISDOUBLEKEYORSLIDEKEY
  -------         PROC          _GETBASELINEADJUSTVALUE
  D:0007H         SYMBOL        i
  C:1F50H         LINE#         174
  C:1F50H         LINE#         175
  C:1F50H         LINE#         176
  C:1F61H         LINE#         177
  -------         ENDPROC       _GETBASELINEADJUSTVALUE
  -------         PROC          GETUPCONFIRMCNT
  C:1FC9H         LINE#         185
  C:1FC9H         LINE#         186
  C:1FC9H         LINE#         187
  C:1FD0H         LINE#         188
  -------         ENDPROC       GETUPCONFIRMCNT
  -------         PROC          GETTKYZCNT
  C:1F9DH         LINE#         197
  C:1F9DH         LINE#         198
BL51 BANKED LINKER/LOCATER V6.22.2.0                                                  08/24/2018  14:28:46  PAGE 32


  C:1F9DH         LINE#         199
  C:1FA6H         LINE#         200
  -------         ENDPROC       GETTKYZCNT
  -------         PROC          _GETTKYZTHRESHOLD
  D:0007H         SYMBOL        i
  -------         DO            
  D:0006H         SYMBOL        SetFingerThresholdtmp
  -------         ENDDO         
  C:0046H         LINE#         209
  C:0046H         LINE#         210
  C:0046H         LINE#         213
  C:0049H         LINE#         214
  -------         ENDPROC       _GETTKYZTHRESHOLD
  -------         PROC          CURRENTSENSORCHOOSE
  -------         DO            
  D:0003H         SYMBOL        i
  D:0002H         SYMBOL        Ctk_Channel_mark
  D:000AH         SYMBOL        CurrentSensorKey
  -------         ENDDO         
  C:1A43H         LINE#         225
  C:1A43H         LINE#         226
  C:1A43H         LINE#         227
  C:1A45H         LINE#         228
  C:1A46H         LINE#         229
  C:1A4EH         LINE#         231
  C:1A57H         LINE#         233
  C:1A61H         LINE#         234
  C:1A61H         LINE#         235
  C:1A76H         LINE#         236
  C:1A79H         LINE#         237
  C:1A79H         LINE#         238
  C:1A85H         LINE#         239
  C:1A86H         LINE#         240
  C:1A90H         LINE#         241
  C:1A90H         LINE#         242
  C:1A90H         LINE#         243
  C:1A93H         LINE#         244
  C:1A95H         LINE#         245
  -------         ENDPROC       CURRENTSENSORCHOOSE
  -------         PROC          _GETCFGMSG
  D:0007H         SYMBOL        i
  C:000EH         LINE#         254
  C:000EH         LINE#         255
  C:000EH         LINE#         256
  C:001FH         LINE#         257
  C:001FH         LINE#         258
  C:0024H         LINE#         259
  C:0029H         LINE#         260
  C:002CH         LINE#         261
  C:0030H         LINE#         262
  C:0038H         LINE#         263
  C:003AH         LINE#         264
  C:003AH         LINE#         265
  -------         ENDPROC       _GETCFGMSG
  -------         PROC          TOUCHKEYCFGINIT
  C:1DD6H         LINE#         274
  C:1DD6H         LINE#         275
BL51 BANKED LINKER/LOCATER V6.22.2.0                                                  08/24/2018  14:28:46  PAGE 33


  C:1DD6H         LINE#         276
  C:1DE0H         LINE#         277
  C:1DEAH         LINE#         278
  C:1DEDH         LINE#         279
  C:1DF4H         LINE#         280
  -------         ENDPROC       TOUCHKEYCFGINIT
  -------         PROC          TOUCHKEYSCAN
  -------         DO            
  D:0003H         SYMBOL        t
  D:000AH         SYMBOL        MultipleCnt
  D:000BH         SYMBOL        Keyvalue
  D:000FH         SYMBOL        KeyData
  -------         ENDDO         
  C:0DAEH         LINE#         292
  C:0DAEH         LINE#         293
  C:0DAEH         LINE#         295
  C:0DB1H         LINE#         296
  C:0DB9H         LINE#         297
  C:0DC1H         LINE#         299
  C:0DC9H         LINE#         300
  C:0DC9H         LINE#         301
  C:0DD4H         LINE#         302
  C:0DDCH         LINE#         303
  C:0DDCH         LINE#         304
  C:0DF1H         LINE#         305
  C:0DF4H         LINE#         306
  C:0DF4H         LINE#         307
  C:0E1EH         LINE#         308
  C:0E20H         LINE#         309
  C:0E20H         LINE#         310
  C:0E23H         LINE#         311
  C:0E31H         LINE#         312
  C:0E31H         LINE#         313
  C:0E33H         LINE#         314
  C:0E3CH         LINE#         315
  C:0E3CH         LINE#         316
  C:0E3FH         LINE#         317
  C:0E41H         LINE#         319
  C:0E41H         LINE#         320
  C:0E47H         LINE#         321
  C:0E47H         LINE#         322
  C:0E49H         LINE#         323
  C:0E49H         LINE#         324
  C:0E49H         LINE#         325
  C:0E49H         LINE#         327
  C:0E4CH         LINE#         328
  C:0E4CH         LINE#         329
  C:0E5FH         LINE#         330
  C:0E5FH         LINE#         331
  C:0E6DH         LINE#         332
  C:0E6FH         LINE#         334
  C:0E6FH         LINE#         335
  C:0E76H         LINE#         336
  C:0E76H         LINE#         337
  C:0E78H         LINE#         339
  C:0E78H         LINE#         341
  C:0E86H         LINE#         342
BL51 BANKED LINKER/LOCATER V6.22.2.0                                                  08/24/2018  14:28:46  PAGE 34


  C:0E8FH         LINE#         343
  C:0E8FH         LINE#         345
  C:0E9FH         LINE#         346
  C:0E9FH         LINE#         347
  C:0EA2H         LINE#         348
  C:0EA9H         LINE#         349
  C:0EA9H         LINE#         351
  C:0EB8H         LINE#         352
  C:0EB8H         LINE#         353
  C:0EBBH         LINE#         354
  C:0EC1H         LINE#         355
  C:0EC8H         LINE#         356
  C:0EC8H         LINE#         357
  C:0ECAH         LINE#         359
  C:0ECAH         LINE#         360
  C:0ED5H         LINE#         361
  C:0ED5H         LINE#         363
  C:0EDDH         LINE#         364
  -------         ENDPROC       TOUCHKEYSCAN
  -------         ENDMOD        S_TOUCHKEYCFG

  -------         MODULE        SENSORMETHOD
  C:0000H         SYMBOL        _ICE_DUMMY_
  X:0097H         PUBLIC        FlowFingerRoundIndex
  D:00CFH         PUBLIC        TK_WDTCR
  B:00A8H.7       PUBLIC        TK_EA
  D:00E4H         PUBLIC        TKCNT
  D:00A8H         PUBLIC        TK_IE
  C:1AE8H         PUBLIC        InitializeSensorFlag
  X:0098H         PUBLIC        ScanTime
  C:1FE4H         PUBLIC        TouchKeyRestart
  D:00E1H         PUBLIC        TKCFG0
  D:00E2H         PUBLIC        TKCFG1
  D:00E3H         PUBLIC        TKCFG2
  C:1DB1H         PUBLIC        SensorKeyFlag
[...]
  C:1DA5H         LINE#         219
  C:1DA8H         LINE#         220
  C:1DA9H         LINE#         221
  C:1DAFH         LINE#         222
  C:1DB0H         LINE#         224
  -------         ENDPROC       FILTERCOMMCODE
  -------         PROC          FILTERAVERGEDEAL
  -------         DO            
  D:000AH         SYMBOL        t
  D:000BH         SYMBOL        i
  -------         ENDDO         
  C:1C79H         LINE#         233
  C:1C79H         LINE#         234
  C:1C79H         LINE#         237
  C:1C7CH         LINE#         239
  C:1C7CH         LINE#         240
  C:1C7FH         LINE#         241
  C:1C86H         LINE#         242
  C:1C89H         LINE#         244
  C:1C8EH         LINE#         246
  C:1C8EH         LINE#         247
  C:1C91H         LINE#         248
  C:1C9BH         LINE#         249
  C:1C9BH         LINE#         250
  C:1CA0H         LINE#         251
  C:1CA4H         LINE#         252
  C:1CABH         LINE#         253
  -------         ENDPROC       FILTERAVERGEDEAL
  -------         PROC          INITIALIZEBASELINES
  -------         DO            
  D:0007H         SYMBOL        i
  -------         ENDDO         
  C:1E85H         LINE#         262
  C:1E85H         LINE#         263
  C:1E85H         LINE#         265
  C:1E8DH         LINE#         266
  C:1E8DH         LINE#         267
  C:1E9CH         LINE#         268
  C:1E9FH         LINE#         269
  -------         ENDPROC       INITIALIZEBASELINES
  -------         PROC          SENSORKEYFLAG
  -------         DO            
  D:0013H         SYMBOL        i
BL51 BANKED LINKER/LOCATER V6.22.2.0                                                  08/24/2018  14:28:46  PAGE 38


  -------         ENDDO         
  C:1DB1H         LINE#         278
  C:1DB1H         LINE#         279
  C:1DB1H         LINE#         282
  C:1DB6H         LINE#         283
  C:1DBFH         LINE#         284
  C:1DBFH         LINE#         285
  C:1DC4H         LINE#         286
  C:1DC9H         LINE#         287
  C:1DCDH         LINE#         288
  C:1DD5H         LINE#         289
  -------         ENDPROC       SENSORKEYFLAG
  -------         PROC          _SENSORRENOVATE
  D:0014H         SYMBOL        i
  -------         DO            
  D:0015H         SYMBOL        differData
  D:0017H         SYMBOL        result
  D:0018H         SYMBOL        j
  D:0019H         SYMBOL        RealConfirmTouchCnt
  D:001AH         SYMBOL        SetFingerThresholdtmp
  D:001CH         SYMBOL        testcount
  -------         ENDDO         
  C:005EH         LINE#         298
  C:0060H         LINE#         299
  C:0060H         LINE#         305
  C:0063H         LINE#         307
  C:007BH         LINE#         310
  C:0090H         LINE#         312
  C:0099H         LINE#         314
  C:00A5H         LINE#         315
  C:00A5H         LINE#         316
  C:00A8H         LINE#         317
  C:00AAH         LINE#         319
  C:00AAH         LINE#         320
  C:00ADH         LINE#         321
  C:00ADH         LINE#         324
  C:00B6H         LINE#         325
  C:00B6H         LINE#         326
  C:00C3H         LINE#         327
  C:00C3H         LINE#         328
  C:00CDH         LINE#         329
  C:00CDH         LINE#         331
  C:00DEH         LINE#         332
  C:00DEH         LINE#         333
  C:00E4H         LINE#         334
  C:00EAH         LINE#         335
  C:00EAH         LINE#         336
  C:00EDH         LINE#         337
  C:00F6H         LINE#         338
  C:00F6H         LINE#         339
  C:00FFH         LINE#         340
  C:0101H         LINE#         341
  C:0105H         LINE#         342
  C:010CH         LINE#         343
  C:010CH         LINE#         344
  C:0112H         LINE#         345
  C:0112H         LINE#         346
BL51 BANKED LINKER/LOCATER V6.22.2.0                                                  08/24/2018  14:28:46  PAGE 39


  C:0112H         LINE#         347
  C:0122H         LINE#         348
  C:0122H         LINE#         349
  C:0125H         LINE#         351
  C:012BH         LINE#         352
  C:012BH         LINE#         353
  C:0134H         LINE#         354
  C:0134H         LINE#         355
  C:013AH         LINE#         356
  C:013AH         LINE#         357
  C:0145H         LINE#         358
  C:0145H         LINE#         359
  C:0148H         LINE#         360
  C:014AH         LINE#         361
  C:014AH         LINE#         362
  C:014AH         LINE#         363
  C:014EH         LINE#         364
  C:0154H         LINE#         365
  C:0154H         LINE#         366
  C:0158H         LINE#         367
  C:0158H         LINE#         368
  C:0161H         LINE#         369
  C:0161H         LINE#         370
  C:0167H         LINE#         371
  C:0167H         LINE#         372
  C:0176H         LINE#         373
  C:0176H         LINE#         374
  C:0176H         LINE#         375
  C:0178H         LINE#         376
  C:0178H         LINE#         377
  C:0178H         LINE#         378
  C:017CH         LINE#         379
  C:017CH         LINE#         380
  C:017CH         LINE#         381
  C:017CH         LINE#         383
  C:017CH         LINE#         384
  C:0182H         LINE#         385
  C:0182H         LINE#         386
  C:0184H         LINE#         387
  C:018DH         LINE#         388
  C:018DH         LINE#         389
  C:0196H         LINE#         390
  C:0196H         LINE#         391
  C:0198H         LINE#         392
  C:0198H         LINE#         393
  C:019CH         LINE#         394
  C:01A3H         LINE#         395
  C:01A3H         LINE#         396
  C:01A6H         LINE#         397
  C:01A6H         LINE#         398
  C:01A6H         LINE#         399
  C:01A6H         LINE#         401
  C:01ABH         LINE#         402
  C:01ABH         LINE#         403
  C:01ADH         LINE#         404
  C:01ADH         LINE#         405
  C:01C8H         LINE#         406
BL51 BANKED LINKER/LOCATER V6.22.2.0                                                  08/24/2018  14:28:46  PAGE 40


  C:01C8H         LINE#         407
  C:01C8H         LINE#         410
  C:01CDH         LINE#         411
  C:01D2H         LINE#         412
  C:01D9H         LINE#         413
  C:01E2H         LINE#         414
  C:01E5H         LINE#         417
  C:01E5H         LINE#         418
  C:01EFH         LINE#         419
  C:01EFH         LINE#         420
  C:01EFH         LINE#         421
  C:01EFH         LINE#         422
  C:01F5H         LINE#         423
  C:01F5H         LINE#         424
  C:01F7H         LINE#         426
  C:01F7H         LINE#         427
  C:01FDH         LINE#         428
  C:0202H         LINE#         429
  C:0202H         LINE#         431
  C:021BH         LINE#         432
  C:021BH         LINE#         433
  C:021FH         LINE#         434
  C:0222H         LINE#         435
  C:022AH         LINE#         436
  C:022AH         LINE#         437
  C:0235H         LINE#         438
  C:0245H         LINE#         439
  C:0245H         LINE#         440
  C:024CH         LINE#         441
  C:024CH         LINE#         442
  C:024EH         LINE#         443
  C:0268H         LINE#         444
  C:0268H         LINE#         445
  C:0272H         LINE#         446
  C:0279H         LINE#         447
  C:0279H         LINE#         448
  C:0279H         LINE#         449
  C:027CH         LINE#         450
  C:0297H         LINE#         451
  C:0297H         LINE#         452
  C:029AH         LINE#         453
  C:029FH         LINE#         454
  C:02ACH         LINE#         455
  C:02ACH         LINE#         457
  C:02B2H         LINE#         458
  C:02B2H         LINE#         459
  C:02B7H         LINE#         460
  C:02B9H         LINE#         461
  C:02BEH         LINE#         462
  C:02C0H         LINE#         464
  C:02C0H         LINE#         465
  C:02E0H         LINE#         466
  C:02E0H         LINE#         467
  C:02E0H         LINE#         468
  C:02E8H         LINE#         469
  C:02E8H         LINE#         470
  C:02EBH         LINE#         471
BL51 BANKED LINKER/LOCATER V6.22.2.0                                                  08/24/2018  14:28:46  PAGE 41


  C:02EBH         LINE#         472
  C:02EEH         LINE#         473
  C:02F6H         LINE#         474
  C:02F6H         LINE#         475
  C:02F9H         LINE#         476
  C:02FEH         LINE#         477
  C:02FEH         LINE#         478
  C:0301H         LINE#         479
  C:0308H         LINE#         480
  C:0308H         LINE#         481
  C:030DH         LINE#         482
  C:0325H         LINE#         483
  C:0325H         LINE#         484
  C:0325H         LINE#         485
  C:0325H         LINE#         488
  C:0330H         LINE#         489
  C:0330H         LINE#         490
  C:034EH         LINE#         491
  C:034EH         LINE#         492
  C:0354H         LINE#         493
  C:0359H         LINE#         494
  C:0363H         LINE#         495
  C:0363H         LINE#         496
  C:036CH         LINE#         497
  C:036EH         LINE#         498
  C:0372H         LINE#         499
  C:0379H         LINE#         500
  C:0379H         LINE#         501
  C:037FH         LINE#         502
  C:037FH         LINE#         503
  C:0388H         LINE#         504
  C:0388H         LINE#         505
  C:038DH         LINE#         506
  C:03AFH         LINE#         507
  C:03BCH         LINE#         508
  C:03BCH         LINE#         509
  C:03BDH         LINE#         511
  C:03BDH         LINE#         512
  C:03C3H         LINE#         513
  C:03C3H         LINE#         514
  C:03C4H         LINE#         516
  C:03C4H         LINE#         517
  C:03CDH         LINE#         519
  C:03D4H         LINE#         520
  C:03D4H         LINE#         522
  C:03D4H         LINE#         524
  C:03DDH         LINE#         525
  C:03DDH         LINE#         527
  C:03DDH         LINE#         529
  C:03E7H         LINE#         530
  C:03E7H         LINE#         531
  C:03EDH         LINE#         532
  C:03EDH         LINE#         533
  C:03F0H         LINE#         534
  C:03F0H         LINE#         535
  C:03F4H         LINE#         536
  C:03F8H         LINE#         537
BL51 BANKED LINKER/LOCATER V6.22.2.0                                                  08/24/2018  14:28:46  PAGE 42


  C:03F8H         LINE#         538
  C:03FAH         LINE#         539
  C:03FAH         LINE#         540
  C:03FAH         LINE#         542
  C:03FAH         LINE#         543
  -------         ENDPROC       _SENSORRENOVATE
  -------         PROC          FILTERIIRINIT
  -------         DO            
  D:0007H         SYMBOL        i
  -------         ENDDO         
  C:1DF5H         LINE#         551
  C:1DF5H         LINE#         552
  C:1DF5H         LINE#         554
  C:1DFDH         LINE#         555
  C:1DFDH         LINE#         556
  C:1E0FH         LINE#         557
  C:1E12H         LINE#         558
  -------         ENDPROC       FILTERIIRINIT
  -------         PROC          _FILTERDATADEAL
  D:0015H         SYMBOL        i
  -------         DO            
  D:0016H         SYMBOL        FilterTemp
  D:0004H         SYMBOL        SetFingerThresholdtmp
  -------         ENDDO         
  C:132FH         LINE#         567
  C:1331H         LINE#         568
  C:1331H         LINE#         572
  C:133EH         LINE#         574
  C:1347H         LINE#         576
  C:135CH         LINE#         577
  C:135CH         LINE#         578
  C:1364H         LINE#         579
  C:1367H         LINE#         580
  C:1380H         LINE#         581
  C:1380H         LINE#         582
  C:13A5H         LINE#         583
  C:13A7H         LINE#         585
  C:13A7H         LINE#         586
  C:13DFH         LINE#         587
  C:13DFH         LINE#         589
  C:13E9H         LINE#         590
  -------         ENDPROC       _FILTERDATADEAL
  -------         PROC          GETISNEEDUPDATEBASELINE
  C:1FE7H         LINE#         599
  C:1FE7H         LINE#         600
  C:1FE7H         LINE#         601
  C:1FE9H         LINE#         602
  -------         ENDPROC       GETISNEEDUPDATEBASELINE
  -------         PROC          SETNEEDUPDATEBASELINE
  C:1FEAH         LINE#         611
  C:1FEAH         LINE#         612
  C:1FEAH         LINE#         613
  C:1FECH         LINE#         614
  -------         ENDPROC       SETNEEDUPDATEBASELINE
  -------         PROC          INITIALIZESENSORFLAG
  -------         DO            
  D:0007H         SYMBOL        i
BL51 BANKED LINKER/LOCATER V6.22.2.0                                                  08/24/2018  14:28:46  PAGE 43


  -------         ENDDO         
  C:1AE8H         LINE#         623
  C:1AE8H         LINE#         624
  C:1AE8H         LINE#         626
  C:1AF0H         LINE#         627
  C:1AF0H         LINE#         628
  C:1AF8H         LINE#         629
  C:1B00H         LINE#         630
  C:1B08H         LINE#         631
  C:1B10H         LINE#         632
  C:1B18H         LINE#         633
  C:1B1BH         LINE#         635
  C:1B24H         LINE#         636
  C:1B2AH         LINE#         637
  C:1B31H         LINE#         638
  C:1B33H         LINE#         639
  -------         ENDPROC       INITIALIZESENSORFLAG
  -------         PROC          _MULTIPLEDEAL
  D:0013H         SYMBOL        CycleCnt
  -------         DO            
  X:0096H         SYMBOL        InitSensorCnt
  D:0004H         SYMBOL        FilterTemp
  D:0014H         SYMBOL        t
  -------         ENDDO         
  C:0EDEH         LINE#         648
  C:0EE0H         LINE#         649
  C:0EE0H         LINE#         655
  C:0EE9H         LINE#         656
  C:0EE9H         LINE#         657
  C:0EEBH         LINE#         658
  C:0EF1H         LINE#         659
  C:0EF1H         LINE#         660
  C:0EFAH         LINE#         661
  C:0EFAH         LINE#         662
  C:0F0FH         LINE#         663
  C:0F13H         LINE#         664
  C:0F13H         LINE#         665
  C:0F16H         LINE#         666
  C:0F18H         LINE#         667
  C:0F1EH         LINE#         669
  C:0F1EH         LINE#         671
  C:0F24H         LINE#         672
  C:0F28H         LINE#         673
  C:0F28H         LINE#         674
  C:0F2BH         LINE#         675
  C:0F30H         LINE#         676
  C:0F30H         LINE#         678
  C:0F3CH         LINE#         679
  C:0F3CH         LINE#         680
  C:0F46H         LINE#         681
  C:0F46H         LINE#         682
  C:0F5FH         LINE#         683
  C:0F65H         LINE#         684
  C:0F65H         LINE#         685
  C:0F8CH         LINE#         686
  C:0F8EH         LINE#         689
  C:0F8EH         LINE#         690
BL51 BANKED LINKER/LOCATER V6.22.2.0                                                  08/24/2018  14:28:46  PAGE 44


  C:0FB6H         LINE#         691
  C:0FB6H         LINE#         692
  C:0FB6H         LINE#         693
  C:0FBBH         LINE#         694
  C:0FC0H         LINE#         696
  C:0FC5H         LINE#         697
  C:0FC5H         LINE#         698
  C:0FCBH         LINE#         699
  C:0FCBH         LINE#         701
  C:0FD8H         LINE#         702
  C:0FD8H         LINE#         703
  C:0FDAH         LINE#         704
  C:0FDCH         LINE#         705
  C:0FE2H         LINE#         706
  C:0FEFH         LINE#         707
  C:0FEFH         LINE#         708
  C:0FF4H         LINE#         709
  C:0FF7H         LINE#         710
  C:0FFAH         LINE#         711
  C:0FFCH         LINE#         712
  C:0FFCH         LINE#         713
  C:0FFCH         LINE#         714
  C:0FFCH         LINE#         715
  -------         ENDPROC       _MULTIPLEDEAL
  -------         ENDMOD        SENSORMETHOD

  -------         MODULE        ?C?COPY
  C:04CBH         PUBLIC        ?C?COPY
  -------         ENDMOD        ?C?COPY

  -------         MODULE        ?C?CLDPTR
  C:04F1H         PUBLIC        ?C?CLDPTR
  -------         ENDMOD        ?C?CLDPTR

  -------         MODULE        ?C?CSTPTR
  C:050AH         PUBLIC        ?C?CSTPTR
  -------         ENDMOD        ?C?CSTPTR

  -------         MODULE        ?C?IMUL
  C:051CH         PUBLIC        ?C?IMUL
  -------         ENDMOD        ?C?IMUL

  -------         MODULE        ?C?UIDIV
  C:052EH         PUBLIC        ?C?UIDIV
  -------         ENDMOD        ?C?UIDIV

  -------         MODULE        ?C?IILDX
  C:0583H         PUBLIC        ?C?IILDX
  -------         ENDMOD        ?C?IILDX

  -------         MODULE        ?C?ILDIX
  C:0599H         PUBLIC        ?C?ILDIX
  -------         ENDMOD        ?C?ILDIX

  -------         MODULE        ?C?ILDPTR
  C:05AFH         PUBLIC        ?C?ILDPTR
  -------         ENDMOD        ?C?ILDPTR
BL51 BANKED LINKER/LOCATER V6.22.2.0                                                  08/24/2018  14:28:46  PAGE 45



  -------         MODULE        ?C?LNOT
  C:05DAH         PUBLIC        ?C?LNOT
  -------         ENDMOD        ?C?LNOT

  -------         MODULE        ?C?ULCMP
  C:05E7H         PUBLIC        ?C?ULCMP
  -------         ENDMOD        ?C?ULCMP

  -------         MODULE        ?C?ULSHR
  C:05F8H         PUBLIC        ?C?ULSHR
  -------         ENDMOD        ?C?ULSHR

  -------         MODULE        ?C?LSHL
  C:060BH         PUBLIC        ?C?LSHL
  -------         ENDMOD        ?C?LSHL

  -------         MODULE        ?C?LLDOPTR
  C:061EH         PUBLIC        ?C?LLDOPTR
  -------         ENDMOD        ?C?LLDOPTR

  -------         MODULE        ?C?LSTPTR
  C:064EH         PUBLIC        ?C?LSTPTR
  -------         ENDMOD        ?C?LSTPTR

  -------         MODULE        ?C?LSTOPTR
  C:0668H         PUBLIC        ?C?LSTOPTR
  -------         ENDMOD        ?C?LSTOPTR

  -------         MODULE        ?C?LLDPTR0
  C:068CH         PUBLIC        ?C?LLDPTR0
  -------         ENDMOD        ?C?LLDPTR0

  -------         MODULE        ?C?OFFXADD
  C:06ACH         PUBLIC        ?C?OFFXADD
  -------         ENDMOD        ?C?OFFXADD

  -------         MODULE        ?C?MEMSET
  C:06B8H         PUBLIC        ?C?MEMSET
  -------         ENDMOD        ?C?MEMSET

  -------         MODULE        ?C?LLDIDATA
  C:06E4H         PUBLIC        ?C?LLDIDATA
  -------         ENDMOD        ?C?LLDIDATA

  -------         MODULE        ?C?LLDXDATA
  C:06F0H         PUBLIC        ?C?LLDXDATA
  -------         ENDMOD        ?C?LLDXDATA

  -------         MODULE        ?C?LLDPDATA
  C:06FCH         PUBLIC        ?C?LLDPDATA
  -------         ENDMOD        ?C?LLDPDATA

  -------         MODULE        ?C?LLDCODE
  C:0708H         PUBLIC        ?C?LLDCODE
  -------         ENDMOD        ?C?LLDCODE

BL51 BANKED LINKER/LOCATER V6.22.2.0                                                  08/24/2018  14:28:46  PAGE 46


  -------         MODULE        ?C?LLDIDATA0
  C:0718H         PUBLIC        ?C?LLDIDATA0
  -------         ENDMOD        ?C?LLDIDATA0

  -------         MODULE        ?C?LLDXDATA0
  C:0725H         PUBLIC        ?C?LLDXDATA0
  -------         ENDMOD        ?C?LLDXDATA0

  -------         MODULE        ?C?LLDPDATA0
  C:0731H         PUBLIC        ?C?LLDPDATA0
  -------         ENDMOD        ?C?LLDPDATA0

  -------         MODULE        ?C?LLDCODE0
  C:073EH         PUBLIC        ?C?LLDCODE0
  -------         ENDMOD        ?C?LLDCODE0

  -------         MODULE        ?C?LSTIDATA
  C:074EH         PUBLIC        ?C?LSTIDATA
  -------         ENDMOD        ?C?LSTIDATA

  -------         MODULE        ?C?LSTXDATA
  C:075AH         PUBLIC        ?C?LSTXDATA
  -------         ENDMOD        ?C?LSTXDATA

  -------         MODULE        ?C?LSTPDATA
  C:0766H         PUBLIC        ?C?LSTPDATA
  -------         ENDMOD        ?C?LSTPDATA

Program Size: data=64.3 xdata=159 code=8171
LINK/LOCATE RUN COMPLETE.  0 WARNING(S),  0 ERROR(S)
